Archive member included to satisfy reference by file (symbol)

c:/st/stm32cubeide_1.8.0/stm32cubeide/plugins/com.st.stm32cube.ide.mcu.externaltools.gnu-tools-for-stm32.10.3-2021.10.win32_1.0.0.202111181127/tools/bin/../lib/gcc/arm-none-eabi/10.3.1/../../../../arm-none-eabi/lib/thumb/v7-m/nofp\libc_nano.a(lib_a-errno.o)
                              ./Core/Src/syscalls.o (__errno)
c:/st/stm32cubeide_1.8.0/stm32cubeide/plugins/com.st.stm32cube.ide.mcu.externaltools.gnu-tools-for-stm32.10.3-2021.10.win32_1.0.0.202111181127/tools/bin/../lib/gcc/arm-none-eabi/10.3.1/../../../../arm-none-eabi/lib/thumb/v7-m/nofp\libc_nano.a(lib_a-exit.o)
                              c:/st/stm32cubeide_1.8.0/stm32cubeide/plugins/com.st.stm32cube.ide.mcu.externaltools.gnu-tools-for-stm32.10.3-2021.10.win32_1.0.0.202111181127/tools/bin/../lib/gcc/arm-none-eabi/10.3.1/../../../../arm-none-eabi/lib/thumb/v7-m/nofp/crt0.o (exit)
c:/st/stm32cubeide_1.8.0/stm32cubeide/plugins/com.st.stm32cube.ide.mcu.externaltools.gnu-tools-for-stm32.10.3-2021.10.win32_1.0.0.202111181127/tools/bin/../lib/gcc/arm-none-eabi/10.3.1/../../../../arm-none-eabi/lib/thumb/v7-m/nofp\libc_nano.a(lib_a-impure.o)
                              c:/st/stm32cubeide_1.8.0/stm32cubeide/plugins/com.st.stm32cube.ide.mcu.externaltools.gnu-tools-for-stm32.10.3-2021.10.win32_1.0.0.202111181127/tools/bin/../lib/gcc/arm-none-eabi/10.3.1/../../../../arm-none-eabi/lib/thumb/v7-m/nofp\libc_nano.a(lib_a-exit.o) (_global_impure_ptr)
c:/st/stm32cubeide_1.8.0/stm32cubeide/plugins/com.st.stm32cube.ide.mcu.externaltools.gnu-tools-for-stm32.10.3-2021.10.win32_1.0.0.202111181127/tools/bin/../lib/gcc/arm-none-eabi/10.3.1/../../../../arm-none-eabi/lib/thumb/v7-m/nofp\libc_nano.a(lib_a-init.o)
                              c:/st/stm32cubeide_1.8.0/stm32cubeide/plugins/com.st.stm32cube.ide.mcu.externaltools.gnu-tools-for-stm32.10.3-2021.10.win32_1.0.0.202111181127/tools/bin/../lib/gcc/arm-none-eabi/10.3.1/../../../../arm-none-eabi/lib/thumb/v7-m/nofp/crt0.o (__libc_init_array)
c:/st/stm32cubeide_1.8.0/stm32cubeide/plugins/com.st.stm32cube.ide.mcu.externaltools.gnu-tools-for-stm32.10.3-2021.10.win32_1.0.0.202111181127/tools/bin/../lib/gcc/arm-none-eabi/10.3.1/../../../../arm-none-eabi/lib/thumb/v7-m/nofp\libc_nano.a(lib_a-memcpy-stub.o)
                              ./Middlewares/Third_Party/FreeRTOS/Source/queue.o (memcpy)
c:/st/stm32cubeide_1.8.0/stm32cubeide/plugins/com.st.stm32cube.ide.mcu.externaltools.gnu-tools-for-stm32.10.3-2021.10.win32_1.0.0.202111181127/tools/bin/../lib/gcc/arm-none-eabi/10.3.1/../../../../arm-none-eabi/lib/thumb/v7-m/nofp\libc_nano.a(lib_a-memset.o)
                              c:/st/stm32cubeide_1.8.0/stm32cubeide/plugins/com.st.stm32cube.ide.mcu.externaltools.gnu-tools-for-stm32.10.3-2021.10.win32_1.0.0.202111181127/tools/bin/../lib/gcc/arm-none-eabi/10.3.1/../../../../arm-none-eabi/lib/thumb/v7-m/nofp/crt0.o (memset)
c:/st/stm32cubeide_1.8.0/stm32cubeide/plugins/com.st.stm32cube.ide.mcu.externaltools.gnu-tools-for-stm32.10.3-2021.10.win32_1.0.0.202111181127/tools/bin/../lib/gcc/arm-none-eabi/10.3.1/../../../../arm-none-eabi/lib/thumb/v7-m/nofp\libc_nano.a(lib_a-sprintf.o)
                              ./Core/Src/FirstTask.o (sprintf)
c:/st/stm32cubeide_1.8.0/stm32cubeide/plugins/com.st.stm32cube.ide.mcu.externaltools.gnu-tools-for-stm32.10.3-2021.10.win32_1.0.0.202111181127/tools/bin/../lib/gcc/arm-none-eabi/10.3.1/../../../../arm-none-eabi/lib/thumb/v7-m/nofp\libc_nano.a(lib_a-strcmp.o)
                              ./Core/Src/main.o (strcmp)
c:/st/stm32cubeide_1.8.0/stm32cubeide/plugins/com.st.stm32cube.ide.mcu.externaltools.gnu-tools-for-stm32.10.3-2021.10.win32_1.0.0.202111181127/tools/bin/../lib/gcc/arm-none-eabi/10.3.1/../../../../arm-none-eabi/lib/thumb/v7-m/nofp\libc_nano.a(lib_a-strcpy.o)
                              ./Core/Src/main.o (strcpy)
c:/st/stm32cubeide_1.8.0/stm32cubeide/plugins/com.st.stm32cube.ide.mcu.externaltools.gnu-tools-for-stm32.10.3-2021.10.win32_1.0.0.202111181127/tools/bin/../lib/gcc/arm-none-eabi/10.3.1/../../../../arm-none-eabi/lib/thumb/v7-m/nofp\libc_nano.a(lib_a-strlen.o)
                              ./Core/Src/main.o (strlen)
c:/st/stm32cubeide_1.8.0/stm32cubeide/plugins/com.st.stm32cube.ide.mcu.externaltools.gnu-tools-for-stm32.10.3-2021.10.win32_1.0.0.202111181127/tools/bin/../lib/gcc/arm-none-eabi/10.3.1/../../../../arm-none-eabi/lib/thumb/v7-m/nofp\libc_nano.a(lib_a-nano-svfprintf.o)
                              c:/st/stm32cubeide_1.8.0/stm32cubeide/plugins/com.st.stm32cube.ide.mcu.externaltools.gnu-tools-for-stm32.10.3-2021.10.win32_1.0.0.202111181127/tools/bin/../lib/gcc/arm-none-eabi/10.3.1/../../../../arm-none-eabi/lib/thumb/v7-m/nofp\libc_nano.a(lib_a-sprintf.o) (_svfprintf_r)
[...]
Memory Configuration

Name             Origin             Length             Attributes
RAM              0x0000000020000000 0x0000000000014000 xrw
FLASH            0x0000000008000000 0x0000000000080000 xr
*default*        0x0000000000000000 0xffffffffffffffff

Linker script and memory map

LOAD c:/st/stm32cubeide_1.8.0/stm32cubeide/plugins/com.st.stm32cube.ide.mcu.externaltools.gnu-tools-for-stm32.10.3-2021.10.win32_1.0.0.202111181127/tools/bin/../lib/gcc/arm-none-eabi/10.3.1/thumb/v7-m/nofp/crti.o
LOAD c:/st/stm32cubeide_1.8.0/stm32cubeide/plugins/com.st.stm32cube.ide.mcu.externaltools.gnu-tools-for-stm32.10.3-2021.10.win32_1.0.0.202111181127/tools/bin/../lib/gcc/arm-none-eabi/10.3.1/thumb/v7-m/nofp/crtbegin.o
LOAD c:/st/stm32cubeide_1.8.0/stm32cubeide/plugins/com.st.stm32cube.ide.mcu.externaltools.gnu-tools-for-stm32.10.3-2021.10.win32_1.0.0.202111181127/tools/bin/../lib/gcc/arm-none-eabi/10.3.1/../../../../arm-none-eabi/lib/thumb/v7-m/nofp/crt0.o
LOAD ./Core/Src/FirstTask.o
LOAD ./Core/Src/SoundTask.o
LOAD ./Core/Src/freertos.o
LOAD ./Core/Src/main.o
LOAD ./Core/Src/sd.o
LOAD ./Core/Src/stm32l1xx_hal_msp.o
LOAD ./Core/Src/stm32l1xx_hal_timebase_tim.o
LOAD ./Core/Src/stm32l1xx_it.o
LOAD ./Core/Src/syscalls.o
LOAD ./Core/Src/sysmem.o
LOAD ./Core/Src/system_stm32l1xx.o
LOAD ./Core/Startup/startup_stm32l152retx.o
LOAD ./Drivers/STM32L1xx_HAL_Driver/Src/stm32l1xx_hal.o
LOAD ./Drivers/STM32L1xx_HAL_Driver/Src/stm32l1xx_hal_cortex.o
LOAD ./Drivers/STM32L1xx_HAL_Driver/Src/stm32l1xx_hal_dma.o
LOAD ./Drivers/STM32L1xx_HAL_Driver/Src/stm32l1xx_hal_exti.o
LOAD ./Drivers/STM32L1xx_HAL_Driver/Src/stm32l1xx_hal_flash.o
LOAD ./Drivers/STM32L1xx_HAL_Driver/Src/stm32l1xx_hal_flash_ex.o
LOAD ./Drivers/STM32L1xx_HAL_Driver/Src/stm32l1xx_hal_flash_ramfunc.o
LOAD ./Drivers/STM32L1xx_HAL_Driver/Src/stm32l1xx_hal_gpio.o
LOAD ./Drivers/STM32L1xx_HAL_Driver/Src/stm32l1xx_hal_pwr.o
LOAD ./Drivers/STM32L1xx_HAL_Driver/Src/stm32l1xx_hal_pwr_ex.o
LOAD ./Drivers/STM32L1xx_HAL_Driver/Src/stm32l1xx_hal_rcc.o
LOAD ./Drivers/STM32L1xx_HAL_Driver/Src/stm32l1xx_hal_rcc_ex.o
LOAD ./Drivers/STM32L1xx_HAL_Driver/Src/stm32l1xx_hal_rtc.o
LOAD ./Drivers/STM32L1xx_HAL_Driver/Src/stm32l1xx_hal_rtc_ex.o
LOAD ./Drivers/STM32L1xx_HAL_Driver/Src/stm32l1xx_hal_spi.o
LOAD ./Drivers/STM32L1xx_HAL_Driver/Src/stm32l1xx_hal_tim.o
LOAD ./Drivers/STM32L1xx_HAL_Driver/Src/stm32l1xx_hal_tim_ex.o
LOAD ./Drivers/STM32L1xx_HAL_Driver/Src/stm32l1xx_hal_uart.o
LOAD ./FATFS/App/fatfs.o
LOAD ./FATFS/Target/user_diskio.o
LOAD ./Middlewares/Third_Party/FatFs/src/diskio.o
LOAD ./Middlewares/Third_Party/FatFs/src/ff.o
LOAD ./Middlewares/Third_Party/FatFs/src/ff_gen_drv.o
LOAD ./Middlewares/Third_Party/FatFs/src/option/syscall.o
LOAD ./Middlewares/Third_Party/FreeRTOS/Source/CMSIS_RTOS/cmsis_os.o
LOAD ./Middlewares/Third_Party/FreeRTOS/Source/croutine.o
LOAD ./Middlewares/Third_Party/FreeRTOS/Source/event_groups.o
LOAD ./Middlewares/Third_Party/FreeRTOS/Source/list.o
LOAD ./Middlewares/Third_Party/FreeRTOS/Source/queue.o
LOAD ./Middlewares/Third_Party/FreeRTOS/Source/stream_buffer.o
LOAD ./Middlewares/Third_Party/FreeRTOS/Source/tasks.o
LOAD ./Middlewares/Third_Party/FreeRTOS/Source/timers.o
LOAD ./Middlewares/Third_Party/FreeRTOS/Source/portable/GCC/ARM_CM3/port.o
LOAD ./Middlewares/Third_Party/FreeRTOS/Source/portable/MemMang/heap_4.o
START GROUP
LOAD c:/st/stm32cubeide_1.8.0/stm32cubeide/plugins/com.st.stm32cube.ide.mcu.externaltools.gnu-tools-for-stm32.10.3-2021.10.win32_1.0.0.202111181127/tools/bin/../lib/gcc/arm-none-eabi/10.3.1/../../../../arm-none-eabi/lib/thumb/v7-m/nofp\libc_nano.a
LOAD c:/st/stm32cubeide_1.8.0/stm32cubeide/plugins/com.st.stm32cube.ide.mcu.externaltools.gnu-tools-for-stm32.10.3-2021.10.win32_1.0.0.202111181127/tools/bin/../lib/gcc/arm-none-eabi/10.3.1/../../../../arm-none-eabi/lib/thumb/v7-m/nofp\libm.a
END GROUP
START GROUP
LOAD c:/st/stm32cubeide_1.8.0/stm32cubeide/plugins/com.st.stm32cube.ide.mcu.externaltools.gnu-tools-for-stm32.10.3-2021.10.win32_1.0.0.202111181127/tools/bin/../lib/gcc/arm-none-eabi/10.3.1/thumb/v7-m/nofp\libgcc.a
LOAD c:/st/stm32cubeide_1.8.0/stm32cubeide/plugins/com.st.stm32cube.ide.mcu.externaltools.gnu-tools-for-stm32.10.3-2021.10.win32_1.0.0.202111181127/tools/bin/../lib/gcc/arm-none-eabi/10.3.1/../../../../arm-none-eabi/lib/thumb/v7-m/nofp\libc_nano.a
END GROUP
START GROUP
LOAD c:/st/stm32cubeide_1.8.0/stm32cubeide/plugins/com.st.stm32cube.ide.mcu.externaltools.gnu-tools-for-stm32.10.3-2021.10.win32_1.0.0.202111181127/tools/bin/../lib/gcc/arm-none-eabi/10.3.1/thumb/v7-m/nofp\libgcc.a
LOAD c:/st/stm32cubeide_1.8.0/stm32cubeide/plugins/com.st.stm32cube.ide.mcu.externaltools.gnu-tools-for-stm32.10.3-2021.10.win32_1.0.0.202111181127/tools/bin/../lib/gcc/arm-none-eabi/10.3.1/../../../../arm-none-eabi/lib/thumb/v7-m/nofp\libc_nano.a
LOAD c:/st/stm32cubeide_1.8.0/stm32cubeide/plugins/com.st.stm32cube.ide.mcu.externaltools.gnu-tools-for-stm32.10.3-2021.10.win32_1.0.0.202111181127/tools/bin/../lib/gcc/arm-none-eabi/10.3.1/../../../../arm-none-eabi/lib/thumb/v7-m/nofp\libnosys.a
END GROUP
START GROUP
LOAD c:/st/stm32cubeide_1.8.0/stm32cubeide/plugins/com.st.stm32cube.ide.mcu.externaltools.gnu-tools-for-stm32.10.3-2021.10.win32_1.0.0.202111181127/tools/bin/../lib/gcc/arm-none-eabi/10.3.1/thumb/v7-m/nofp\libgcc.a
LOAD c:/st/stm32cubeide_1.8.0/stm32cubeide/plugins/com.st.stm32cube.ide.mcu.externaltools.gnu-tools-for-stm32.10.3-2021.10.win32_1.0.0.202111181127/tools/bin/../lib/gcc/arm-none-eabi/10.3.1/../../../../arm-none-eabi/lib/thumb/v7-m/nofp\libc_nano.a
LOAD c:/st/stm32cubeide_1.8.0/stm32cubeide/plugins/com.st.stm32cube.ide.mcu.externaltools.gnu-tools-for-stm32.10.3-2021.10.win32_1.0.0.202111181127/tools/bin/../lib/gcc/arm-none-eabi/10.3.1/../../../../arm-none-eabi/lib/thumb/v7-m/nofp\libnosys.a
END GROUP
LOAD c:/st/stm32cubeide_1.8.0/stm32cubeide/plugins/com.st.stm32cube.ide.mcu.externaltools.gnu-tools-for-stm32.10.3-2021.10.win32_1.0.0.202111181127/tools/bin/../lib/gcc/arm-none-eabi/10.3.1/thumb/v7-m/nofp/crtend.o
LOAD c:/st/stm32cubeide_1.8.0/stm32cubeide/plugins/com.st.stm32cube.ide.mcu.externaltools.gnu-tools-for-stm32.10.3-2021.10.win32_1.0.0.202111181127/tools/bin/../lib/gcc/arm-none-eabi/10.3.1/thumb/v7-m/nofp/crtn.o
                0x0000000020014000                _estack = (ORIGIN (RAM) + LENGTH (RAM))
                0x0000000000000200                _Min_Heap_Size = 0x200
                0x0000000000000400                _Min_Stack_Size = 0x400

.isr_vector     0x0000000008000000      0x13c
                0x0000000008000000                . = ALIGN (0x4)
 *(.isr_vector)
 .isr_vector    0x0000000008000000      0x13c ./Core/Startup/startup_stm32l152retx.o
                0x0000000008000000                g_pfnVectors
                0x000000000800013c                . = ALIGN (0x4)

.text           0x0000000008000140     0xae2c
                0x0000000008000140                . = ALIGN (0x4)
 *(.text)
 .text          0x0000000008000140       0x40 c:/st/stm32cubeide_1.8.0/stm32cubeide/plugins/com.st.stm32cube.ide.mcu.externaltools.gnu-tools-for-stm32.10.3-2021.10.win32_1.0.0.202111181127/tools/bin/../lib/gcc/arm-none-eabi/10.3.1/thumb/v7-m/nofp/crtbegin.o
 .text          0x0000000008000180       0x14 c:/st/stm32cubeide_1.8.0/stm32cubeide/plugins/com.st.stm32cube.ide.mcu.externaltools.gnu-tools-for-stm32.10.3-2021.10.win32_1.0.0.202111181127/tools/bin/../lib/gcc/arm-none-eabi/10.3.1/../../../../arm-none-eabi/lib/thumb/v7-m/nofp\libc_nano.a(lib_a-strcmp.o)
                0x0000000008000180                strcmp
 .text          0x0000000008000194       0x10 c:/st/stm32cubeide_1.8.0/stm32cubeide/plugins/com.st.stm32cube.ide.mcu.externaltools.gnu-tools-for-stm32.10.3-2021.10.win32_1.0.0.202111181127/tools/bin/../lib/gcc/arm-none-eabi/10.3.1/../../../../arm-none-eabi/lib/thumb/v7-m/nofp\libc_nano.a(lib_a-strlen.o)
                0x0000000008000194                strlen
 .text          0x00000000080001a4       0x30 c:/st/stm32cubeide_1.8.0/stm32cubeide/plugins/com.st.stm32cube.ide.mcu.externaltools.gnu-tools-for-stm32.10.3-2021.10.win32_1.0.0.202111181127/tools/bin/../lib/gcc/arm-none-eabi/10.3.1/thumb/v7-m/nofp\libgcc.a(_aeabi_uldivmod.o)
                0x00000000080001a4                __aeabi_uldivmod
 .text          0x00000000080001d4      0x2d4 c:/st/stm32cubeide_1.8.0/stm32cubeide/plugins/com.st.stm32cube.ide.mcu.externaltools.gnu-tools-for-stm32.10.3-2021.10.win32_1.0.0.202111181127/tools/bin/../lib/gcc/arm-none-eabi/10.3.1/thumb/v7-m/nofp\libgcc.a(_udivmoddi4.o)
                0x00000000080001d4                __udivmoddi4
 .text          0x00000000080004a8        0x4 c:/st/stm32cubeide_1.8.0/stm32cubeide/plugins/com.st.stm32cube.ide.mcu.externaltools.gnu-tools-for-stm32.10.3-2021.10.win32_1.0.0.202111181127/tools/bin/../lib/gcc/arm-none-eabi/10.3.1/thumb/v7-m/nofp\libgcc.a(_dvmd_tls.o)
                0x00000000080004a8                __aeabi_idiv0
                0x00000000080004a8                __aeabi_ldiv0
 *(.text*)
 .text.prvFirstTask
                0x00000000080004ac       0xc8 ./Core/Src/FirstTask.o
                0x00000000080004ac                prvFirstTask
 .text.prvSoundTask
                0x0000000008000574       0xa4 ./Core/Src/SoundTask.o
                0x0000000008000574                prvSoundTask
 .text.vApplicationGetIdleTaskMemory
                0x0000000008000618       0x34 ./Core/Src/freertos.o
                0x0000000008000618                vApplicationGetIdleTaskMemory
 .text.main     0x000000000800064c      0x140 ./Core/Src/main.o
                0x000000000800064c                main
 .text.SystemClock_Config
                0x000000000800078c       0xc8 ./Core/Src/main.o
                0x000000000800078c                SystemClock_Config
 .text.MX_RTC_Init
                0x0000000008000854      0x118 ./Core/Src/main.o
 .text.MX_SPI3_Init
                0x000000000800096c       0x6c ./Core/Src/main.o
 .text.MX_TIM2_Init
                0x00000000080009d8       0x98 ./Core/Src/main.o
 .text.MX_USART1_UART_Init
                0x0000000008000a70       0x54 ./Core/Src/main.o
 .text.MX_USART2_UART_Init
                0x0000000008000ac4       0x54 ./Core/Src/main.o
 .text.MX_GPIO_Init
                0x0000000008000b18       0xb0 ./Core/Src/main.o
 .text.wp_open  0x0000000008000bc8      0x220 ./Core/Src/main.o
                0x0000000008000bc8                wp_open
 .text.wp_init  0x0000000008000de8      0x118 ./Core/Src/main.o
                0x0000000008000de8                wp_init
 .text.wave_playback
                0x0000000008000f00      0x100 ./Core/Src/main.o
                0x0000000008000f00                wave_playback
 .text.ParamToArray
                0x0000000008001000       0x94 ./Core/Src/main.o
                0x0000000008001000                ParamToArray
 .text.DecToBCD
                0x0000000008001094       0x64 ./Core/Src/main.o
                0x0000000008001094                DecToBCD
 .text.BCDToDec
                0x00000000080010f8       0x28 ./Core/Src/main.o
                0x00000000080010f8                BCDToDec
 .text.SetTime  0x0000000008001120      0x2ac ./Core/Src/main.o
                0x0000000008001120                SetTime
 .text.HAL_TIM_PeriodElapsedCallback
                0x00000000080013cc       0x24 ./Core/Src/main.o
                0x00000000080013cc                HAL_TIM_PeriodElapsedCallback
 .text.Error_Handler
                0x00000000080013f0        0xc ./Core/Src/main.o
                0x00000000080013f0                Error_Handler
 .text.SD_cmd   0x00000000080013fc       0xd4 ./Core/Src/sd.o
 .text.SD_PowerOn
                0x00000000080014d0       0x24 ./Core/Src/sd.o
                0x00000000080014d0                SD_PowerOn
 .text.SD_Read_Block
                0x00000000080014f4       0x88 ./Core/Src/sd.o
                0x00000000080014f4                SD_Read_Block
 .text.SD_Write_Block
                0x000000000800157c       0xa4 ./Core/Src/sd.o
                0x000000000800157c                SD_Write_Block
 .text.sd_ini   0x0000000008001620      0x26c ./Core/Src/sd.o
                0x0000000008001620                sd_ini
 .text.Error    0x000000000800188c       0x1c ./Core/Src/sd.o
                0x000000000800188c                Error
 .text.SPIx_WriteRead
                0x00000000080018a8       0x3c ./Core/Src/sd.o
                0x00000000080018a8                SPIx_WriteRead
 .text.SPI_SendByte
                0x00000000080018e4       0x1a ./Core/Src/sd.o
                0x00000000080018e4                SPI_SendByte
 .text.SPI_ReceiveByte
                0x00000000080018fe       0x1a ./Core/Src/sd.o
                0x00000000080018fe                SPI_ReceiveByte
 .text.SPI_Release
                0x0000000008001918        0xe ./Core/Src/sd.o
                0x0000000008001918                SPI_Release
 .text.SPI_wait_ready
                0x0000000008001926       0x40 ./Core/Src/sd.o
                0x0000000008001926                SPI_wait_ready
 *fill*         0x0000000008001966        0x2 
 .text.HAL_MspInit
                0x0000000008001968       0x5c ./Core/Src/stm32l1xx_hal_msp.o
                0x0000000008001968                HAL_MspInit
 .text.HAL_RTC_MspInit
                0x00000000080019c4       0x38 ./Core/Src/stm32l1xx_hal_msp.o
                0x00000000080019c4                HAL_RTC_MspInit
 .text.HAL_SPI_MspInit
                0x00000000080019fc       0x98 ./Core/Src/stm32l1xx_hal_msp.o
                0x00000000080019fc                HAL_SPI_MspInit
 .text.HAL_TIM_Base_MspInit
                0x0000000008001a94       0x48 ./Core/Src/stm32l1xx_hal_msp.o
                0x0000000008001a94                HAL_TIM_Base_MspInit
 .text.HAL_UART_MspInit
                0x0000000008001adc       0xe8 ./Core/Src/stm32l1xx_hal_msp.o
                0x0000000008001adc                HAL_UART_MspInit
 .text.HAL_InitTick
                0x0000000008001bc4       0xac ./Core/Src/stm32l1xx_hal_timebase_tim.o
                0x0000000008001bc4                HAL_InitTick
 .text.NMI_Handler
                0x0000000008001c70        0xc ./Core/Src/stm32l1xx_it.o
                0x0000000008001c70                NMI_Handler
 .text.HardFault_Handler
                0x0000000008001c7c        0x6 ./Core/Src/stm32l1xx_it.o
                0x0000000008001c7c                HardFault_Handler
 .text.MemManage_Handler
                0x0000000008001c82        0x6 ./Core/Src/stm32l1xx_it.o
                0x0000000008001c82                MemManage_Handler
 .text.BusFault_Handler
                0x0000000008001c88        0x6 ./Core/Src/stm32l1xx_it.o
                0x0000000008001c88                BusFault_Handler
 .text.UsageFault_Handler
                0x0000000008001c8e        0x6 ./Core/Src/stm32l1xx_it.o
                0x0000000008001c8e                UsageFault_Handler
 .text.DebugMon_Handler
                0x0000000008001c94        0xc ./Core/Src/stm32l1xx_it.o
                0x0000000008001c94                DebugMon_Handler
 .text.TIM9_IRQHandler
                0x0000000008001ca0       0x14 ./Core/Src/stm32l1xx_it.o
                0x0000000008001ca0                TIM9_IRQHandler
 .text.TIM2_IRQHandler
                0x0000000008001cb4       0x24 ./Core/Src/stm32l1xx_it.o
                0x0000000008001cb4                TIM2_IRQHandler
 .text.EXTI15_10_IRQHandler
                0x0000000008001cd8       0x74 ./Core/Src/stm32l1xx_it.o
                0x0000000008001cd8                EXTI15_10_IRQHandler
 .text.RTC_Alarm_IRQHandler
                0x0000000008001d4c       0x44 ./Core/Src/stm32l1xx_it.o
                0x0000000008001d4c                RTC_Alarm_IRQHandler
 .text.SPI3_IRQHandler
                0x0000000008001d90       0x14 ./Core/Src/stm32l1xx_it.o
                0x0000000008001d90                SPI3_IRQHandler
 .text._sbrk    0x0000000008001da4       0x6c ./Core/Src/sysmem.o
                0x0000000008001da4                _sbrk
 .text.SystemInit
                0x0000000008001e10       0x18 ./Core/Src/system_stm32l1xx.o
                0x0000000008001e10                SystemInit
 .text.Reset_Handler
                0x0000000008001e28       0x48 ./Core/Startup/startup_stm32l152retx.o
                0x0000000008001e28                Reset_Handler
 .text.Default_Handler
                0x0000000008001e70        0x2 ./Core/Startup/startup_stm32l152retx.o
                0x0000000008001e70                EXTI2_IRQHandler
                0x0000000008001e70                COMP_ACQ_IRQHandler
                0x0000000008001e70                TIM10_IRQHandler
                0x0000000008001e70                USB_HP_IRQHandler
                0x0000000008001e70                TIM6_IRQHandler
                0x0000000008001e70                PVD_IRQHandler
                0x0000000008001e70                EXTI3_IRQHandler
                0x0000000008001e70                EXTI0_IRQHandler
                0x0000000008001e70                I2C2_EV_IRQHandler
                0x0000000008001e70                SPI1_IRQHandler
                0x0000000008001e70                USB_FS_WKUP_IRQHandler
                0x0000000008001e70                DMA2_Channel2_IRQHandler
                0x0000000008001e70                DMA1_Channel4_IRQHandler
                0x0000000008001e70                ADC1_IRQHandler
                0x0000000008001e70                USART3_IRQHandler
                0x0000000008001e70                DMA1_Channel7_IRQHandler
                0x0000000008001e70                LCD_IRQHandler
                0x0000000008001e70                UART5_IRQHandler
                0x0000000008001e70                TIM4_IRQHandler
                0x0000000008001e70                DMA2_Channel1_IRQHandler
                0x0000000008001e70                I2C1_EV_IRQHandler
                0x0000000008001e70                DMA1_Channel6_IRQHandler
                0x0000000008001e70                UART4_IRQHandler
                0x0000000008001e70                DMA2_Channel4_IRQHandler
                0x0000000008001e70                TIM3_IRQHandler
                0x0000000008001e70                RCC_IRQHandler
                0x0000000008001e70                DMA1_Channel1_IRQHandler
                0x0000000008001e70                Default_Handler
                0x0000000008001e70                TIM7_IRQHandler
                0x0000000008001e70                TIM5_IRQHandler
                0x0000000008001e70                EXTI9_5_IRQHandler
                0x0000000008001e70                TAMPER_STAMP_IRQHandler
                0x0000000008001e70                RTC_WKUP_IRQHandler
                0x0000000008001e70                SPI2_IRQHandler
                0x0000000008001e70                DMA2_Channel5_IRQHandler
                0x0000000008001e70                DMA1_Channel5_IRQHandler
                0x0000000008001e70                USB_LP_IRQHandler
                0x0000000008001e70                EXTI4_IRQHandler
                0x0000000008001e70                DMA1_Channel3_IRQHandler
                0x0000000008001e70                COMP_IRQHandler
                0x0000000008001e70                WWDG_IRQHandler
                0x0000000008001e70                DAC_IRQHandler
                0x0000000008001e70                EXTI1_IRQHandler
                0x0000000008001e70                TIM11_IRQHandler
                0x0000000008001e70                USART2_IRQHandler
                0x0000000008001e70                I2C2_ER_IRQHandler
                0x0000000008001e70                DMA1_Channel2_IRQHandler
                0x0000000008001e70                FLASH_IRQHandler
                0x0000000008001e70                USART1_IRQHandler
                0x0000000008001e70                I2C1_ER_IRQHandler
                0x0000000008001e70                DMA2_Channel3_IRQHandler
 .text.HAL_Init
                0x0000000008001e72       0x30 ./Drivers/STM32L1xx_HAL_Driver/Src/stm32l1xx_hal.o
                0x0000000008001e72                HAL_Init
 *fill*         0x0000000008001ea2        0x2 
 .text.HAL_IncTick
                0x0000000008001ea4       0x24 ./Drivers/STM32L1xx_HAL_Driver/Src/stm32l1xx_hal.o
                0x0000000008001ea4                HAL_IncTick
 .text.HAL_GetTick
                0x0000000008001ec8       0x14 ./Drivers/STM32L1xx_HAL_Driver/Src/stm32l1xx_hal.o
                0x0000000008001ec8                HAL_GetTick
 .text.__NVIC_SetPriorityGrouping
                0x0000000008001edc       0x48 ./Drivers/STM32L1xx_HAL_Driver/Src/stm32l1xx_hal_cortex.o
 .text.__NVIC_GetPriorityGrouping
                0x0000000008001f24       0x1c ./Drivers/STM32L1xx_HAL_Driver/Src/stm32l1xx_hal_cortex.o
 .text.__NVIC_EnableIRQ
                0x0000000008001f40       0x38 ./Drivers/STM32L1xx_HAL_Driver/Src/stm32l1xx_hal_cortex.o
 .text.__NVIC_SetPriority
                0x0000000008001f78       0x54 ./Drivers/STM32L1xx_HAL_Driver/Src/stm32l1xx_hal_cortex.o
 .text.NVIC_EncodePriority
                0x0000000008001fcc       0x64 ./Drivers/STM32L1xx_HAL_Driver/Src/stm32l1xx_hal_cortex.o
 .text.HAL_NVIC_SetPriorityGrouping
                0x0000000008002030       0x16 ./Drivers/STM32L1xx_HAL_Driver/Src/stm32l1xx_hal_cortex.o
                0x0000000008002030                HAL_NVIC_SetPriorityGrouping
 .text.HAL_NVIC_SetPriority
                0x0000000008002046       0x38 ./Drivers/STM32L1xx_HAL_Driver/Src/stm32l1xx_hal_cortex.o
                0x0000000008002046                HAL_NVIC_SetPriority
 .text.HAL_NVIC_EnableIRQ
                0x000000000800207e       0x1c ./Drivers/STM32L1xx_HAL_Driver/Src/stm32l1xx_hal_cortex.o
                0x000000000800207e                HAL_NVIC_EnableIRQ
 .text.HAL_DMA_Abort_IT
                0x000000000800209a       0x82 ./Drivers/STM32L1xx_HAL_Driver/Src/stm32l1xx_hal_dma.o
                0x000000000800209a                HAL_DMA_Abort_IT
 .text.HAL_GPIO_Init
                0x000000000800211c      0x320 ./Drivers/STM32L1xx_HAL_Driver/Src/stm32l1xx_hal_gpio.o
                0x000000000800211c                HAL_GPIO_Init
 .text.HAL_GPIO_WritePin
                0x000000000800243c       0x30 ./Drivers/STM32L1xx_HAL_Driver/Src/stm32l1xx_hal_gpio.o
                0x000000000800243c                HAL_GPIO_WritePin
 .text.HAL_GPIO_EXTI_IRQHandler
                0x000000000800246c       0x30 ./Drivers/STM32L1xx_HAL_Driver/Src/stm32l1xx_hal_gpio.o
                0x000000000800246c                HAL_GPIO_EXTI_IRQHandler
 .text.HAL_GPIO_EXTI_Callback
                0x000000000800249c       0x14 ./Drivers/STM32L1xx_HAL_Driver/Src/stm32l1xx_hal_gpio.o
                0x000000000800249c                HAL_GPIO_EXTI_Callback
 .text.HAL_RCC_OscConfig
                0x00000000080024b0      0x660 ./Drivers/STM32L1xx_HAL_Driver/Src/stm32l1xx_hal_rcc.o
                0x00000000080024b0                HAL_RCC_OscConfig
 .text.HAL_RCC_ClockConfig
                0x0000000008002b10      0x268 ./Drivers/STM32L1xx_HAL_Driver/Src/stm32l1xx_hal_rcc.o
                0x0000000008002b10                HAL_RCC_ClockConfig
 .text.HAL_RCC_GetSysClockFreq
                0x0000000008002d78      0x17c ./Drivers/STM32L1xx_HAL_Driver/Src/stm32l1xx_hal_rcc.o
                0x0000000008002d78                HAL_RCC_GetSysClockFreq
 .text.HAL_RCC_GetHCLKFreq
                0x0000000008002ef4       0x14 ./Drivers/STM32L1xx_HAL_Driver/Src/stm32l1xx_hal_rcc.o
                0x0000000008002ef4                HAL_RCC_GetHCLKFreq
 .text.HAL_RCC_GetPCLK1Freq
                0x0000000008002f08       0x28 ./Drivers/STM32L1xx_HAL_Driver/Src/stm32l1xx_hal_rcc.o
                0x0000000008002f08                HAL_RCC_GetPCLK1Freq
 .text.HAL_RCC_GetPCLK2Freq
                0x0000000008002f30       0x28 ./Drivers/STM32L1xx_HAL_Driver/Src/stm32l1xx_hal_rcc.o
                0x0000000008002f30                HAL_RCC_GetPCLK2Freq
 .text.HAL_RCC_GetClockConfig
                0x0000000008002f58       0x60 ./Drivers/STM32L1xx_HAL_Driver/Src/stm32l1xx_hal_rcc.o
                0x0000000008002f58                HAL_RCC_GetClockConfig
 .text.RCC_SetFlashLatencyFromMSIRange
                0x0000000008002fb8       0xc0 ./Drivers/STM32L1xx_HAL_Driver/Src/stm32l1xx_hal_rcc.o
 .text.HAL_RCCEx_PeriphCLKConfig
                0x0000000008003078      0x1c4 ./Drivers/STM32L1xx_HAL_Driver/Src/stm32l1xx_hal_rcc_ex.o
                0x0000000008003078                HAL_RCCEx_PeriphCLKConfig
 .text.HAL_RTC_Init
                0x000000000800323c       0xf6 ./Drivers/STM32L1xx_HAL_Driver/Src/stm32l1xx_hal_rtc.o
                0x000000000800323c                HAL_RTC_Init
 .text.HAL_RTC_SetTime
                0x0000000008003332      0x168 ./Drivers/STM32L1xx_HAL_Driver/Src/stm32l1xx_hal_rtc.o
                0x0000000008003332                HAL_RTC_SetTime
 .text.HAL_RTC_GetTime
                0x000000000800349a       0xba ./Drivers/STM32L1xx_HAL_Driver/Src/stm32l1xx_hal_rtc.o
                0x000000000800349a                HAL_RTC_GetTime
 .text.HAL_RTC_SetDate
                0x0000000008003554      0x13c ./Drivers/STM32L1xx_HAL_Driver/Src/stm32l1xx_hal_rtc.o
                0x0000000008003554                HAL_RTC_SetDate
 .text.HAL_RTC_GetDate
                0x0000000008003690       0x9a ./Drivers/STM32L1xx_HAL_Driver/Src/stm32l1xx_hal_rtc.o
                0x0000000008003690                HAL_RTC_GetDate
 *fill*         0x000000000800372a        0x2 
 .text.HAL_RTC_SetAlarm_IT
                0x000000000800372c      0x270 ./Drivers/STM32L1xx_HAL_Driver/Src/stm32l1xx_hal_rtc.o
                0x000000000800372c                HAL_RTC_SetAlarm_IT
 .text.HAL_RTC_AlarmIRQHandler
                0x000000000800399c       0x8c ./Drivers/STM32L1xx_HAL_Driver/Src/stm32l1xx_hal_rtc.o
                0x000000000800399c                HAL_RTC_AlarmIRQHandler
 .text.HAL_RTC_AlarmAEventCallback
                0x0000000008003a28       0x12 ./Drivers/STM32L1xx_HAL_Driver/Src/stm32l1xx_hal_rtc.o
                0x0000000008003a28                HAL_RTC_AlarmAEventCallback
 .text.HAL_RTC_WaitForSynchro
                0x0000000008003a3a       0x5a ./Drivers/STM32L1xx_HAL_Driver/Src/stm32l1xx_hal_rtc.o
                0x0000000008003a3a                HAL_RTC_WaitForSynchro
 .text.RTC_EnterInitMode
                0x0000000008003a94       0x54 ./Drivers/STM32L1xx_HAL_Driver/Src/stm32l1xx_hal_rtc.o
                0x0000000008003a94                RTC_EnterInitMode
 .text.RTC_ByteToBcd2
                0x0000000008003ae8       0x3e ./Drivers/STM32L1xx_HAL_Driver/Src/stm32l1xx_hal_rtc.o
                0x0000000008003ae8                RTC_ByteToBcd2
 .text.RTC_Bcd2ToByte
                0x0000000008003b26       0x36 ./Drivers/STM32L1xx_HAL_Driver/Src/stm32l1xx_hal_rtc.o
                0x0000000008003b26                RTC_Bcd2ToByte
 .text.HAL_RTCEx_AlarmBEventCallback
                0x0000000008003b5c       0x12 ./Drivers/STM32L1xx_HAL_Driver/Src/stm32l1xx_hal_rtc_ex.o
                0x0000000008003b5c                HAL_RTCEx_AlarmBEventCallback
 .text.HAL_SPI_Init
                0x0000000008003b6e      0x112 ./Drivers/STM32L1xx_HAL_Driver/Src/stm32l1xx_hal_spi.o
                0x0000000008003b6e                HAL_SPI_Init
 .text.HAL_SPI_TransmitReceive
                0x0000000008003c80      0x344 ./Drivers/STM32L1xx_HAL_Driver/Src/stm32l1xx_hal_spi.o
                0x0000000008003c80                HAL_SPI_TransmitReceive
 .text.HAL_SPI_IRQHandler
                0x0000000008003fc4      0x200 ./Drivers/STM32L1xx_HAL_Driver/Src/stm32l1xx_hal_spi.o
                0x0000000008003fc4                HAL_SPI_IRQHandler
 .text.HAL_SPI_ErrorCallback
                0x00000000080041c4       0x12 ./Drivers/STM32L1xx_HAL_Driver/Src/stm32l1xx_hal_spi.o
                0x00000000080041c4                HAL_SPI_ErrorCallback
 .text.SPI_DMAAbortOnError
                0x00000000080041d6       0x28 ./Drivers/STM32L1xx_HAL_Driver/Src/stm32l1xx_hal_spi.o
 *fill*         0x00000000080041fe        0x2 
 .text.SPI_WaitFlagStateUntilTimeout
                0x0000000008004200      0x110 ./Drivers/STM32L1xx_HAL_Driver/Src/stm32l1xx_hal_spi.o
 .text.SPI_EndRxTxTransaction
                0x0000000008004310       0x84 ./Drivers/STM32L1xx_HAL_Driver/Src/stm32l1xx_hal_spi.o
 .text.HAL_TIM_Base_Init
                0x0000000008004394       0x7e ./Drivers/STM32L1xx_HAL_Driver/Src/stm32l1xx_hal_tim.o
                0x0000000008004394                HAL_TIM_Base_Init
 *fill*         0x0000000008004412        0x2 
 .text.HAL_TIM_Base_Start_IT
                0x0000000008004414       0xa4 ./Drivers/STM32L1xx_HAL_Driver/Src/stm32l1xx_hal_tim.o
                0x0000000008004414                HAL_TIM_Base_Start_IT
 .text.HAL_TIM_IRQHandler
                0x00000000080044b8      0x1b8 ./Drivers/STM32L1xx_HAL_Driver/Src/stm32l1xx_hal_tim.o
                0x00000000080044b8                HAL_TIM_IRQHandler
 .text.HAL_TIM_ConfigClockSource
                0x0000000008004670      0x188 ./Drivers/STM32L1xx_HAL_Driver/Src/stm32l1xx_hal_tim.o
                0x0000000008004670                HAL_TIM_ConfigClockSource
 .text.HAL_TIM_OC_DelayElapsedCallback
                0x00000000080047f8       0x12 ./Drivers/STM32L1xx_HAL_Driver/Src/stm32l1xx_hal_tim.o
                0x00000000080047f8                HAL_TIM_OC_DelayElapsedCallback
 .text.HAL_TIM_IC_CaptureCallback
                0x000000000800480a       0x12 ./Drivers/STM32L1xx_HAL_Driver/Src/stm32l1xx_hal_tim.o
                0x000000000800480a                HAL_TIM_IC_CaptureCallback
 .text.HAL_TIM_PWM_PulseFinishedCallback
                0x000000000800481c       0x12 ./Drivers/STM32L1xx_HAL_Driver/Src/stm32l1xx_hal_tim.o
                0x000000000800481c                HAL_TIM_PWM_PulseFinishedCallback
 .text.HAL_TIM_TriggerCallback
                0x000000000800482e       0x12 ./Drivers/STM32L1xx_HAL_Driver/Src/stm32l1xx_hal_tim.o
                0x000000000800482e                HAL_TIM_TriggerCallback
 .text.TIM_Base_SetConfig
                0x0000000008004840       0xe0 ./Drivers/STM32L1xx_HAL_Driver/Src/stm32l1xx_hal_tim.o
 .text.TIM_TI1_ConfigInputStage
                0x0000000008004920       0x5c ./Drivers/STM32L1xx_HAL_Driver/Src/stm32l1xx_hal_tim.o
 .text.TIM_TI2_ConfigInputStage
                0x000000000800497c       0x5e ./Drivers/STM32L1xx_HAL_Driver/Src/stm32l1xx_hal_tim.o
 .text.TIM_ITRx_SetConfig
                0x00000000080049da       0x34 ./Drivers/STM32L1xx_HAL_Driver/Src/stm32l1xx_hal_tim.o
 .text.TIM_ETR_SetConfig
                0x0000000008004a0e       0x3e ./Drivers/STM32L1xx_HAL_Driver/Src/stm32l1xx_hal_tim.o
 .text.HAL_TIMEx_MasterConfigSynchronization
                0x0000000008004a4c       0xbc ./Drivers/STM32L1xx_HAL_Driver/Src/stm32l1xx_hal_tim_ex.o
                0x0000000008004a4c                HAL_TIMEx_MasterConfigSynchronization
 .text.HAL_UART_Init
                0x0000000008004b08       0x9a ./Drivers/STM32L1xx_HAL_Driver/Src/stm32l1xx_hal_uart.o
                0x0000000008004b08                HAL_UART_Init
 .text.HAL_UART_Transmit
                0x0000000008004ba2      0x132 ./Drivers/STM32L1xx_HAL_Driver/Src/stm32l1xx_hal_uart.o
                0x0000000008004ba2                HAL_UART_Transmit
 .text.HAL_UART_Receive
                0x0000000008004cd4      0x14c ./Drivers/STM32L1xx_HAL_Driver/Src/stm32l1xx_hal_uart.o
                0x0000000008004cd4                HAL_UART_Receive
 .text.UART_WaitOnFlagUntilTimeout
                0x0000000008004e20       0x94 ./Drivers/STM32L1xx_HAL_Driver/Src/stm32l1xx_hal_uart.o
 .text.UART_SetConfig
                0x0000000008004eb4      0x1c8 ./Drivers/STM32L1xx_HAL_Driver/Src/stm32l1xx_hal_uart.o
 .text.MX_FATFS_Init
                0x000000000800507c       0x24 ./FATFS/App/fatfs.o
                0x000000000800507c                MX_FATFS_Init
 .text.get_fattime
                0x00000000080050a0        0xe ./FATFS/App/fatfs.o
                0x00000000080050a0                get_fattime
 *fill*         0x00000000080050ae        0x2 
 .text.USER_initialize
                0x00000000080050b0       0x58 ./FATFS/Target/user_diskio.o
                0x00000000080050b0                USER_initialize
 .text.USER_status
                0x0000000008005108       0x28 ./FATFS/Target/user_diskio.o
                0x0000000008005108                USER_status
 .text.USER_read
                0x0000000008005130       0x68 ./FATFS/Target/user_diskio.o
                0x0000000008005130                USER_read
 .text.USER_write
                0x0000000008005198       0x78 ./FATFS/Target/user_diskio.o
                0x0000000008005198                USER_write
 .text.USER_ioctl
                0x0000000008005210       0xb0 ./FATFS/Target/user_diskio.o
                0x0000000008005210                USER_ioctl
 .text.disk_status
                0x00000000080052c0       0x34 ./Middlewares/Third_Party/FatFs/src/diskio.o
                0x00000000080052c0                disk_status
 .text.disk_initialize
                0x00000000080052f4       0x4c ./Middlewares/Third_Party/FatFs/src/diskio.o
                0x00000000080052f4                disk_initialize
 .text.disk_read
                0x0000000008005340       0x40 ./Middlewares/Third_Party/FatFs/src/diskio.o
                0x0000000008005340                disk_read
 .text.disk_write
                0x0000000008005380       0x40 ./Middlewares/Third_Party/FatFs/src/diskio.o
                0x0000000008005380                disk_write
 .text.disk_ioctl
                0x00000000080053c0       0x3c ./Middlewares/Third_Party/FatFs/src/diskio.o
                0x00000000080053c0                disk_ioctl
 .text.ld_word  0x00000000080053fc       0x2e ./Middlewares/Third_Party/FatFs/src/ff.o
 .text.ld_dword
                0x000000000800542a       0x44 ./Middlewares/Third_Party/FatFs/src/ff.o
 .text.st_word  0x000000000800546e       0x34 ./Middlewares/Third_Party/FatFs/src/ff.o
 .text.st_dword
                0x00000000080054a2       0x56 ./Middlewares/Third_Party/FatFs/src/ff.o
 .text.mem_cpy  0x00000000080054f8       0x40 ./Middlewares/Third_Party/FatFs/src/ff.o
 .text.mem_set  0x0000000008005538       0x34 ./Middlewares/Third_Party/FatFs/src/ff.o
 .text.mem_cmp  0x000000000800556c       0x4c ./Middlewares/Third_Party/FatFs/src/ff.o
 .text.chk_chr  0x00000000080055b8       0x34 ./Middlewares/Third_Party/FatFs/src/ff.o
 .text.lock_fs  0x00000000080055ec       0x2c ./Middlewares/Third_Party/FatFs/src/ff.o
 .text.unlock_fs
                0x0000000008005618       0x36 ./Middlewares/Third_Party/FatFs/src/ff.o
 *fill*         0x000000000800564e        0x2 
 .text.chk_lock
                0x0000000008005650       0xb4 ./Middlewares/Third_Party/FatFs/src/ff.o
 .text.enq_lock
                0x0000000008005704       0x40 ./Middlewares/Third_Party/FatFs/src/ff.o
 .text.inc_lock
                0x0000000008005744      0x11c ./Middlewares/Third_Party/FatFs/src/ff.o
 .text.dec_lock
                0x0000000008005860       0x74 ./Middlewares/Third_Party/FatFs/src/ff.o
 .text.clear_lock
                0x00000000080058d4       0x48 ./Middlewares/Third_Party/FatFs/src/ff.o
 .text.sync_window
                0x000000000800591c       0x88 ./Middlewares/Third_Party/FatFs/src/ff.o
 .text.move_window
                0x00000000080059a4       0x5a ./Middlewares/Third_Party/FatFs/src/ff.o
 *fill*         0x00000000080059fe        0x2 
 .text.sync_fs  0x0000000008005a00       0xdc ./Middlewares/Third_Party/FatFs/src/ff.o
 .text.clust2sect
                0x0000000008005adc       0x3c ./Middlewares/Third_Party/FatFs/src/ff.o
 .text.get_fat  0x0000000008005b18      0x150 ./Middlewares/Third_Party/FatFs/src/ff.o
 .text.put_fat  0x0000000008005c68      0x1d8 ./Middlewares/Third_Party/FatFs/src/ff.o
 .text.remove_chain
                0x0000000008005e40       0xca ./Middlewares/Third_Party/FatFs/src/ff.o
 .text.create_chain
                0x0000000008005f0a      0x130 ./Middlewares/Third_Party/FatFs/src/ff.o
 .text.clmt_clust
                0x000000000800603a       0x66 ./Middlewares/Third_Party/FatFs/src/ff.o
 .text.dir_sdi  0x00000000080060a0       0xf6 ./Middlewares/Third_Party/FatFs/src/ff.o
 .text.dir_next
                0x0000000008006196      0x18a ./Middlewares/Third_Party/FatFs/src/ff.o
 .text.dir_alloc
                0x0000000008006320       0x8e ./Middlewares/Third_Party/FatFs/src/ff.o
 .text.ld_clust
                0x00000000080063ae       0x3e ./Middlewares/Third_Party/FatFs/src/ff.o
 .text.st_clust
                0x00000000080063ec       0x40 ./Middlewares/Third_Party/FatFs/src/ff.o
 .text.dir_find
                0x000000000800642c       0xaa ./Middlewares/Third_Party/FatFs/src/ff.o
 .text.dir_register
                0x00000000080064d6       0x64 ./Middlewares/Third_Party/FatFs/src/ff.o
 *fill*         0x000000000800653a        0x2 
 .text.create_name
                0x000000000800653c      0x128 ./Middlewares/Third_Party/FatFs/src/ff.o
 .text.follow_path
                0x0000000008006664       0xe2 ./Middlewares/Third_Party/FatFs/src/ff.o
 .text.get_ldnumber
                0x0000000008006746       0x86 ./Middlewares/Third_Party/FatFs/src/ff.o
 .text.check_fs
                0x00000000080067cc       0xac ./Middlewares/Third_Party/FatFs/src/ff.o
 .text.find_volume
                0x0000000008006878      0x4a8 ./Middlewares/Third_Party/FatFs/src/ff.o
 .text.validate
                0x0000000008006d20       0x8e ./Middlewares/Third_Party/FatFs/src/ff.o
 *fill*         0x0000000008006dae        0x2 
 .text.f_mount  0x0000000008006db0       0xc8 ./Middlewares/Third_Party/FatFs/src/ff.o
                0x0000000008006db0                f_mount
 .text.f_open   0x0000000008006e78      0x38a ./Middlewares/Third_Party/FatFs/src/ff.o
                0x0000000008006e78                f_open
 .text.f_read   0x0000000008007202      0x2dc ./Middlewares/Third_Party/FatFs/src/ff.o
                0x0000000008007202                f_read
 .text.f_sync   0x00000000080074de      0x112 ./Middlewares/Third_Party/FatFs/src/ff.o
                0x00000000080074de                f_sync
 .text.f_close  0x00000000080075f0       0x5e ./Middlewares/Third_Party/FatFs/src/ff.o
                0x00000000080075f0                f_close
 .text.f_lseek  0x000000000800764e      0x4a6 ./Middlewares/Third_Party/FatFs/src/ff.o
                0x000000000800764e                f_lseek
 .text.FATFS_LinkDriverEx
                0x0000000008007af4       0x94 ./Middlewares/Third_Party/FatFs/src/ff_gen_drv.o
                0x0000000008007af4                FATFS_LinkDriverEx
 .text.FATFS_LinkDriver
                0x0000000008007b88       0x1e ./Middlewares/Third_Party/FatFs/src/ff_gen_drv.o
                0x0000000008007b88                FATFS_LinkDriver
 .text.ff_cre_syncobj
                0x0000000008007ba6       0x40 ./Middlewares/Third_Party/FatFs/src/option/syscall.o
                0x0000000008007ba6                ff_cre_syncobj
 .text.ff_del_syncobj
                0x0000000008007be6       0x18 ./Middlewares/Third_Party/FatFs/src/option/syscall.o
                0x0000000008007be6                ff_del_syncobj
 .text.ff_req_grant
                0x0000000008007bfe       0x2a ./Middlewares/Third_Party/FatFs/src/option/syscall.o
                0x0000000008007bfe                ff_req_grant
 .text.ff_rel_grant
                0x0000000008007c28       0x16 ./Middlewares/Third_Party/FatFs/src/option/syscall.o
                0x0000000008007c28                ff_rel_grant
 .text.inHandlerMode
                0x0000000008007c3e       0x22 ./Middlewares/Third_Party/FreeRTOS/Source/CMSIS_RTOS/cmsis_os.o
 .text.osSemaphoreCreate
                0x0000000008007c60       0x64 ./Middlewares/Third_Party/FreeRTOS/Source/CMSIS_RTOS/cmsis_os.o
                0x0000000008007c60                osSemaphoreCreate
 .text.osSemaphoreWait
                0x0000000008007cc4       0x9c ./Middlewares/Third_Party/FreeRTOS/Source/CMSIS_RTOS/cmsis_os.o
                0x0000000008007cc4                osSemaphoreWait
 .text.osSemaphoreRelease
                0x0000000008007d60       0x6c ./Middlewares/Third_Party/FreeRTOS/Source/CMSIS_RTOS/cmsis_os.o
                0x0000000008007d60                osSemaphoreRelease
 .text.osSemaphoreDelete
                0x0000000008007dcc       0x26 ./Middlewares/Third_Party/FreeRTOS/Source/CMSIS_RTOS/cmsis_os.o
                0x0000000008007dcc                osSemaphoreDelete
 .text.vListInitialise
                0x0000000008007df2       0x3e ./Middlewares/Third_Party/FreeRTOS/Source/list.o
                0x0000000008007df2                vListInitialise
 .text.vListInitialiseItem
                0x0000000008007e30       0x18 ./Middlewares/Third_Party/FreeRTOS/Source/list.o
                0x0000000008007e30                vListInitialiseItem
 .text.vListInsertEnd
                0x0000000008007e48       0x46 ./Middlewares/Third_Party/FreeRTOS/Source/list.o
                0x0000000008007e48                vListInsertEnd
 .text.vListInsert
                0x0000000008007e8e       0x70 ./Middlewares/Third_Party/FreeRTOS/Source/list.o
                0x0000000008007e8e                vListInsert
 .text.uxListRemove
                0x0000000008007efe       0x52 ./Middlewares/Third_Party/FreeRTOS/Source/list.o
                0x0000000008007efe                uxListRemove
 .text.xQueueGenericReset
                0x0000000008007f50       0xd0 ./Middlewares/Third_Party/FreeRTOS/Source/queue.o
                0x0000000008007f50                xQueueGenericReset
 .text.xQueueGenericCreateStatic
                0x0000000008008020       0xee ./Middlewares/Third_Party/FreeRTOS/Source/queue.o
                0x0000000008008020                xQueueGenericCreateStatic
 .text.xQueueGenericCreate
                0x000000000800810e       0x7c ./Middlewares/Third_Party/FreeRTOS/Source/queue.o
                0x000000000800810e                xQueueGenericCreate
 .text.prvInitialiseNewQueue
                0x000000000800818a       0x3e ./Middlewares/Third_Party/FreeRTOS/Source/queue.o
 .text.xQueueGenericSend
                0x00000000080081c8      0x1fc ./Middlewares/Third_Party/FreeRTOS/Source/queue.o
                0x00000000080081c8                xQueueGenericSend
 .text.xQueueGiveFromISR
                0x00000000080083c4      0x11a ./Middlewares/Third_Party/FreeRTOS/Source/queue.o
                0x00000000080083c4                xQueueGiveFromISR
 *fill*         0x00000000080084de        0x2 
 .text.xQueueSemaphoreTake
                0x00000000080084e0      0x218 ./Middlewares/Third_Party/FreeRTOS/Source/queue.o
                0x00000000080084e0                xQueueSemaphoreTake
 .text.xQueueReceiveFromISR
                0x00000000080086f8      0x100 ./Middlewares/Third_Party/FreeRTOS/Source/queue.o
                0x00000000080086f8                xQueueReceiveFromISR
 .text.vQueueDelete
                0x00000000080087f8       0x46 ./Middlewares/Third_Party/FreeRTOS/Source/queue.o
                0x00000000080087f8                vQueueDelete
 .text.prvGetDisinheritPriorityAfterTimeout
                0x000000000800883e       0x2e ./Middlewares/Third_Party/FreeRTOS/Source/queue.o
 .text.prvCopyDataToQueue
                0x000000000800886c       0xd4 ./Middlewares/Third_Party/FreeRTOS/Source/queue.o
 .text.prvCopyDataFromQueue
                0x0000000008008940       0x4c ./Middlewares/Third_Party/FreeRTOS/Source/queue.o
 .text.prvUnlockQueue
                0x000000000800898c       0xa4 ./Middlewares/Third_Party/FreeRTOS/Source/queue.o
 .text.prvIsQueueEmpty
                0x0000000008008a30       0x2c ./Middlewares/Third_Party/FreeRTOS/Source/queue.o
 .text.prvIsQueueFull
                0x0000000008008a5c       0x30 ./Middlewares/Third_Party/FreeRTOS/Source/queue.o
 .text.vQueueUnregisterQueue
                0x0000000008008a8c       0x54 ./Middlewares/Third_Party/FreeRTOS/Source/queue.o
                0x0000000008008a8c                vQueueUnregisterQueue
 .text.xTaskCreateStatic
                0x0000000008008ae0       0xb8 ./Middlewares/Third_Party/FreeRTOS/Source/tasks.o
                0x0000000008008ae0                xTaskCreateStatic
 .text.xTaskCreate
                0x0000000008008b98       0x8a ./Middlewares/Third_Party/FreeRTOS/Source/tasks.o
                0x0000000008008b98                xTaskCreate
 .text.prvInitialiseNewTask
                0x0000000008008c22       0xfe ./Middlewares/Third_Party/FreeRTOS/Source/tasks.o
 .text.prvAddNewTaskToReadyList
                0x0000000008008d20       0xd4 ./Middlewares/Third_Party/FreeRTOS/Source/tasks.o
 .text.vTaskPrioritySet
                0x0000000008008df4      0x15c ./Middlewares/Third_Party/FreeRTOS/Source/tasks.o
                0x0000000008008df4                vTaskPrioritySet
 .text.vTaskSuspend
                0x0000000008008f50      0x124 ./Middlewares/Third_Party/FreeRTOS/Source/tasks.o
                0x0000000008008f50                vTaskSuspend
 .text.prvTaskIsTaskSuspended
                0x0000000008009074       0x74 ./Middlewares/Third_Party/FreeRTOS/Source/tasks.o
 .text.xTaskResumeFromISR
                0x00000000080090e8       0xe4 ./Middlewares/Third_Party/FreeRTOS/Source/tasks.o
                0x00000000080090e8                xTaskResumeFromISR
 .text.vTaskStartScheduler
                0x00000000080091cc       0xc0 ./Middlewares/Third_Party/FreeRTOS/Source/tasks.o
                0x00000000080091cc                vTaskStartScheduler
 .text.vTaskSuspendAll
                0x000000000800928c       0x1c ./Middlewares/Third_Party/FreeRTOS/Source/tasks.o
                0x000000000800928c                vTaskSuspendAll
 .text.xTaskResumeAll
                0x00000000080092a8      0x138 ./Middlewares/Third_Party/FreeRTOS/Source/tasks.o
                0x00000000080092a8                xTaskResumeAll
 .text.xTaskIncrementTick
                0x00000000080093e0      0x17c ./Middlewares/Third_Party/FreeRTOS/Source/tasks.o
                0x00000000080093e0                xTaskIncrementTick
 .text.vTaskSwitchContext
                0x000000000800955c       0xb4 ./Middlewares/Third_Party/FreeRTOS/Source/tasks.o
                0x000000000800955c                vTaskSwitchContext
 .text.vTaskPlaceOnEventList
                0x0000000008009610       0x48 ./Middlewares/Third_Party/FreeRTOS/Source/tasks.o
                0x0000000008009610                vTaskPlaceOnEventList
 .text.xTaskRemoveFromEventList
                0x0000000008009658       0xc4 ./Middlewares/Third_Party/FreeRTOS/Source/tasks.o
                0x0000000008009658                xTaskRemoveFromEventList
 .text.vTaskInternalSetTimeOutState
                0x000000000800971c       0x2c ./Middlewares/Third_Party/FreeRTOS/Source/tasks.o
                0x000000000800971c                vTaskInternalSetTimeOutState
 .text.xTaskCheckForTimeOut
                0x0000000008009748       0xc4 ./Middlewares/Third_Party/FreeRTOS/Source/tasks.o
                0x0000000008009748                xTaskCheckForTimeOut
 .text.vTaskMissedYield
                0x000000000800980c       0x18 ./Middlewares/Third_Party/FreeRTOS/Source/tasks.o
                0x000000000800980c                vTaskMissedYield
 .text.prvIdleTask
                0x0000000008009824       0x30 ./Middlewares/Third_Party/FreeRTOS/Source/tasks.o
 .text.prvInitialiseTaskLists
                0x0000000008009854       0x80 ./Middlewares/Third_Party/FreeRTOS/Source/tasks.o
 .text.prvCheckTasksWaitingTermination
                0x00000000080098d4       0x5c ./Middlewares/Third_Party/FreeRTOS/Source/tasks.o
 .text.prvDeleteTCB
                0x0000000008009930       0x5e ./Middlewares/Third_Party/FreeRTOS/Source/tasks.o
 *fill*         0x000000000800998e        0x2 
 .text.prvResetNextTaskUnblockTime
                0x0000000008009990       0x48 ./Middlewares/Third_Party/FreeRTOS/Source/tasks.o
 .text.xTaskGetSchedulerState
                0x00000000080099d8       0x3c ./Middlewares/Third_Party/FreeRTOS/Source/tasks.o
                0x00000000080099d8                xTaskGetSchedulerState
 .text.xTaskPriorityInherit
                0x0000000008009a14      0x10c ./Middlewares/Third_Party/FreeRTOS/Source/tasks.o
                0x0000000008009a14                xTaskPriorityInherit
 .text.xTaskPriorityDisinherit
                0x0000000008009b20      0x10c ./Middlewares/Third_Party/FreeRTOS/Source/tasks.o
                0x0000000008009b20                xTaskPriorityDisinherit
 .text.vTaskPriorityDisinheritAfterTimeout
                0x0000000008009c2c      0x140 ./Middlewares/Third_Party/FreeRTOS/Source/tasks.o
                0x0000000008009c2c                vTaskPriorityDisinheritAfterTimeout
 .text.pvTaskIncrementMutexHeldCount
                0x0000000008009d6c       0x28 ./Middlewares/Third_Party/FreeRTOS/Source/tasks.o
                0x0000000008009d6c                pvTaskIncrementMutexHeldCount
 .text.prvAddCurrentTaskToDelayedList
                0x0000000008009d94       0xcc ./Middlewares/Third_Party/FreeRTOS/Source/tasks.o
 .text.pxPortInitialiseStack
                0x0000000008009e60       0x58 ./Middlewares/Third_Party/FreeRTOS/Source/portable/GCC/ARM_CM3/port.o
                0x0000000008009e60                pxPortInitialiseStack
 .text.prvTaskExitError
                0x0000000008009eb8       0x58 ./Middlewares/Third_Party/FreeRTOS/Source/portable/GCC/ARM_CM3/port.o
 .text.SVC_Handler
                0x0000000008009f10       0x28 ./Middlewares/Third_Party/FreeRTOS/Source/portable/GCC/ARM_CM3/port.o
                0x0000000008009f10                SVC_Handler
 .text.prvPortStartFirstTask
                0x0000000008009f38       0x20 ./Middlewares/Third_Party/FreeRTOS/Source/portable/GCC/ARM_CM3/port.o
 .text.xPortStartScheduler
                0x0000000008009f58       0xe4 ./Middlewares/Third_Party/FreeRTOS/Source/portable/GCC/ARM_CM3/port.o
                0x0000000008009f58                xPortStartScheduler
 .text.vPortEnterCritical
                0x000000000800a03c       0x60 ./Middlewares/Third_Party/FreeRTOS/Source/portable/GCC/ARM_CM3/port.o
                0x000000000800a03c                vPortEnterCritical
 .text.vPortExitCritical
                0x000000000800a09c       0x50 ./Middlewares/Third_Party/FreeRTOS/Source/portable/GCC/ARM_CM3/port.o
                0x000000000800a09c                vPortExitCritical
 *fill*         0x000000000800a0ec        0x4 
 .text.PendSV_Handler
                0x000000000800a0f0       0x48 ./Middlewares/Third_Party/FreeRTOS/Source/portable/GCC/ARM_CM3/port.o
                0x000000000800a0f0                PendSV_Handler
 .text.SysTick_Handler
                0x000000000800a138       0x44 ./Middlewares/Third_Party/FreeRTOS/Source/portable/GCC/ARM_CM3/port.o
                0x000000000800a138                SysTick_Handler
 .text.vPortSetupTimerInterrupt
                0x000000000800a17c       0x44 ./Middlewares/Third_Party/FreeRTOS/Source/portable/GCC/ARM_CM3/port.o
                0x000000000800a17c                vPortSetupTimerInterrupt
 .text.vPortValidateInterruptPriority
                0x000000000800a1c0       0x7c ./Middlewares/Third_Party/FreeRTOS/Source/portable/GCC/ARM_CM3/port.o
                0x000000000800a1c0                vPortValidateInterruptPriority
 .text.pvPortMalloc
                0x000000000800a23c      0x188 ./Middlewares/Third_Party/FreeRTOS/Source/portable/MemMang/heap_4.o
                0x000000000800a23c                pvPortMalloc
 .text.vPortFree
                0x000000000800a3c4       0xb4 ./Middlewares/Third_Party/FreeRTOS/Source/portable/MemMang/heap_4.o
                0x000000000800a3c4                vPortFree
 .text.prvHeapInit
                0x000000000800a478       0xc4 ./Middlewares/Third_Party/FreeRTOS/Source/portable/MemMang/heap_4.o
 .text.prvInsertBlockIntoFreeList
                0x000000000800a53c       0xb0 ./Middlewares/Third_Party/FreeRTOS/Source/portable/MemMang/heap_4.o
 .text.__errno  0x000000000800a5ec        0xc c:/st/stm32cubeide_1.8.0/stm32cubeide/plugins/com.st.stm32cube.ide.mcu.externaltools.gnu-tools-for-stm32.10.3-2021.10.win32_1.0.0.202111181127/tools/bin/../lib/gcc/arm-none-eabi/10.3.1/../../../../arm-none-eabi/lib/thumb/v7-m/nofp\libc_nano.a(lib_a-errno.o)
                0x000000000800a5ec                __errno
 .text.__libc_init_array
                0x000000000800a5f8       0x48 c:/st/stm32cubeide_1.8.0/stm32cubeide/plugins/com.st.stm32cube.ide.mcu.externaltools.gnu-tools-for-stm32.10.3-2021.10.win32_1.0.0.202111181127/tools/bin/../lib/gcc/arm-none-eabi/10.3.1/../../../../arm-none-eabi/lib/thumb/v7-m/nofp\libc_nano.a(lib_a-init.o)
                0x000000000800a5f8                __libc_init_array
 .text.memcpy   0x000000000800a640       0x1c c:/st/stm32cubeide_1.8.0/stm32cubeide/plugins/com.st.stm32cube.ide.mcu.externaltools.gnu-tools-for-stm32.10.3-2021.10.win32_1.0.0.202111181127/tools/bin/../lib/gcc/arm-none-eabi/10.3.1/../../../../arm-none-eabi/lib/thumb/v7-m/nofp\libc_nano.a(lib_a-memcpy-stub.o)
                0x000000000800a640                memcpy
 .text.memset   0x000000000800a65c       0x10 c:/st/stm32cubeide_1.8.0/stm32cubeide/plugins/com.st.stm32cube.ide.mcu.externaltools.gnu-tools-for-stm32.10.3-2021.10.win32_1.0.0.202111181127/tools/bin/../lib/gcc/arm-none-eabi/10.3.1/../../../../arm-none-eabi/lib/thumb/v7-m/nofp\libc_nano.a(lib_a-memset.o)
                0x000000000800a65c                memset
 .text.sprintf  0x000000000800a66c       0x40 c:/st/stm32cubeide_1.8.0/stm32cubeide/plugins/com.st.stm32cube.ide.mcu.externaltools.gnu-tools-for-stm32.10.3-2021.10.win32_1.0.0.202111181127/tools/bin/../lib/gcc/arm-none-eabi/10.3.1/../../../../arm-none-eabi/lib/thumb/v7-m/nofp\libc_nano.a(lib_a-sprintf.o)
                0x000000000800a66c                siprintf
                0x000000000800a66c                sprintf
 .text.strcpy   0x000000000800a6ac       0x10 c:/st/stm32cubeide_1.8.0/stm32cubeide/plugins/com.st.stm32cube.ide.mcu.externaltools.gnu-tools-for-stm32.10.3-2021.10.win32_1.0.0.202111181127/tools/bin/../lib/gcc/arm-none-eabi/10.3.1/../../../../arm-none-eabi/lib/thumb/v7-m/nofp\libc_nano.a(lib_a-strcpy.o)
                0x000000000800a6ac                strcpy
 .text.__ssputs_r
                0x000000000800a6bc       0xb6 c:/st/stm32cubeide_1.8.0/stm32cubeide/plugins/com.st.stm32cube.ide.mcu.externaltools.gnu-tools-for-stm32.10.3-2021.10.win32_1.0.0.202111181127/tools/bin/../lib/gcc/arm-none-eabi/10.3.1/../../../../arm-none-eabi/lib/thumb/v7-m/nofp\libc_nano.a(lib_a-nano-svfprintf.o)
                0x000000000800a6bc                __ssputs_r
 *fill*         0x000000000800a772        0x2 
 .text._svfprintf_r
                0x000000000800a774      0x200 c:/st/stm32cubeide_1.8.0/stm32cubeide/plugins/com.st.stm32cube.ide.mcu.externaltools.gnu-tools-for-stm32.10.3-2021.10.win32_1.0.0.202111181127/tools/bin/../lib/gcc/arm-none-eabi/10.3.1/../../../../arm-none-eabi/lib/thumb/v7-m/nofp\libc_nano.a(lib_a-nano-svfprintf.o)
                0x000000000800a774                _svfiprintf_r
                0x000000000800a774                _svfprintf_r
 .text._printf_common
                0x000000000800a974       0xde c:/st/stm32cubeide_1.8.0/stm32cubeide/plugins/com.st.stm32cube.ide.mcu.externaltools.gnu-tools-for-stm32.10.3-2021.10.win32_1.0.0.202111181127/tools/bin/../lib/gcc/arm-none-eabi/10.3.1/../../../../arm-none-eabi/lib/thumb/v7-m/nofp\libc_nano.a(lib_a-nano-vfprintf_i.o)
                0x000000000800a974                _printf_common
 *fill*         0x000000000800aa52        0x2 
 .text._printf_i
                0x000000000800aa54      0x24c c:/st/stm32cubeide_1.8.0/stm32cubeide/plugins/com.st.stm32cube.ide.mcu.externaltools.gnu-tools-for-stm32.10.3-2021.10.win32_1.0.0.202111181127/tools/bin/../lib/gcc/arm-none-eabi/10.3.1/../../../../arm-none-eabi/lib/thumb/v7-m/nofp\libc_nano.a(lib_a-nano-vfprintf_i.o)
                0x000000000800aa54                _printf_i
 .text.memchr   0x000000000800aca0       0x1c c:/st/stm32cubeide_1.8.0/stm32cubeide/plugins/com.st.stm32cube.ide.mcu.externaltools.gnu-tools-for-stm32.10.3-2021.10.win32_1.0.0.202111181127/tools/bin/../lib/gcc/arm-none-eabi/10.3.1/../../../../arm-none-eabi/lib/thumb/v7-m/nofp\libc_nano.a(lib_a-memchr-stub.o)
                0x000000000800aca0                memchr
 .text.memmove  0x000000000800acbc       0x34 c:/st/stm32cubeide_1.8.0/stm32cubeide/plugins/com.st.stm32cube.ide.mcu.externaltools.gnu-tools-for-stm32.10.3-2021.10.win32_1.0.0.202111181127/tools/bin/../lib/gcc/arm-none-eabi/10.3.1/../../../../arm-none-eabi/lib/thumb/v7-m/nofp\libc_nano.a(lib_a-memmove.o)
                0x000000000800acbc                memmove
 .text._free_r  0x000000000800acf0       0x90 c:/st/stm32cubeide_1.8.0/stm32cubeide/plugins/com.st.stm32cube.ide.mcu.externaltools.gnu-tools-for-stm32.10.3-2021.10.win32_1.0.0.202111181127/tools/bin/../lib/gcc/arm-none-eabi/10.3.1/../../../../arm-none-eabi/lib/thumb/v7-m/nofp\libc_nano.a(lib_a-nano-freer.o)
                0x000000000800acf0                _free_r
 .text.sbrk_aligned
                0x000000000800ad80       0x40 c:/st/stm32cubeide_1.8.0/stm32cubeide/plugins/com.st.stm32cube.ide.mcu.externaltools.gnu-tools-for-stm32.10.3-2021.10.win32_1.0.0.202111181127/tools/bin/../lib/gcc/arm-none-eabi/10.3.1/../../../../arm-none-eabi/lib/thumb/v7-m/nofp\libc_nano.a(lib_a-nano-mallocr.o)
 .text._malloc_r
                0x000000000800adc0       0xe8 c:/st/stm32cubeide_1.8.0/stm32cubeide/plugins/com.st.stm32cube.ide.mcu.externaltools.gnu-tools-for-stm32.10.3-2021.10.win32_1.0.0.202111181127/tools/bin/../lib/gcc/arm-none-eabi/10.3.1/../../../../arm-none-eabi/lib/thumb/v7-m/nofp\libc_nano.a(lib_a-nano-mallocr.o)
                0x000000000800adc0                _malloc_r
 .text._realloc_r
                0x000000000800aea8       0x5e c:/st/stm32cubeide_1.8.0/stm32cubeide/plugins/com.st.stm32cube.ide.mcu.externaltools.gnu-tools-for-stm32.10.3-2021.10.win32_1.0.0.202111181127/tools/bin/../lib/gcc/arm-none-eabi/10.3.1/../../../../arm-none-eabi/lib/thumb/v7-m/nofp\libc_nano.a(lib_a-nano-reallocr.o)
                0x000000000800aea8                _realloc_r
 *fill*         0x000000000800af06        0x2 
 .text._sbrk_r  0x000000000800af08       0x20 c:/st/stm32cubeide_1.8.0/stm32cubeide/plugins/com.st.stm32cube.ide.mcu.externaltools.gnu-tools-for-stm32.10.3-2021.10.win32_1.0.0.202111181127/tools/bin/../lib/gcc/arm-none-eabi/10.3.1/../../../../arm-none-eabi/lib/thumb/v7-m/nofp\libc_nano.a(lib_a-sbrkr.o)
                0x000000000800af08                _sbrk_r
 .text.__malloc_lock
                0x000000000800af28        0xc c:/st/stm32cubeide_1.8.0/stm32cubeide/plugins/com.st.stm32cube.ide.mcu.externaltools.gnu-tools-for-stm32.10.3-2021.10.win32_1.0.0.202111181127/tools/bin/../lib/gcc/arm-none-eabi/10.3.1/../../../../arm-none-eabi/lib/thumb/v7-m/nofp\libc_nano.a(lib_a-mlock.o)
                0x000000000800af28                __malloc_lock
 .text.__malloc_unlock
                0x000000000800af34        0xc c:/st/stm32cubeide_1.8.0/stm32cubeide/plugins/com.st.stm32cube.ide.mcu.externaltools.gnu-tools-for-stm32.10.3-2021.10.win32_1.0.0.202111181127/tools/bin/../lib/gcc/arm-none-eabi/10.3.1/../../../../arm-none-eabi/lib/thumb/v7-m/nofp\libc_nano.a(lib_a-mlock.o)
                0x000000000800af34                __malloc_unlock
 .text._malloc_usable_size_r
                0x000000000800af40       0x10 c:/st/stm32cubeide_1.8.0/stm32cubeide/plugins/com.st.stm32cube.ide.mcu.externaltools.gnu-tools-for-stm32.10.3-2021.10.win32_1.0.0.202111181127/tools/bin/../lib/gcc/arm-none-eabi/10.3.1/../../../../arm-none-eabi/lib/thumb/v7-m/nofp\libc_nano.a(lib_a-nano-msizer.o)
                0x000000000800af40                _malloc_usable_size_r
 .text.__retarget_lock_acquire_recursive
                0x000000000800af50        0x2 c:/st/stm32cubeide_1.8.0/stm32cubeide/plugins/com.st.stm32cube.ide.mcu.externaltools.gnu-tools-for-stm32.10.3-2021.10.win32_1.0.0.202111181127/tools/bin/../lib/gcc/arm-none-eabi/10.3.1/../../../../arm-none-eabi/lib/thumb/v7-m/nofp\libc_nano.a(lib_a-lock.o)
                0x000000000800af50                __retarget_lock_acquire_recursive
 .text.__retarget_lock_release_recursive
                0x000000000800af52        0x2 c:/st/stm32cubeide_1.8.0/stm32cubeide/plugins/com.st.stm32cube.ide.mcu.externaltools.gnu-tools-for-stm32.10.3-2021.10.win32_1.0.0.202111181127/tools/bin/../lib/gcc/arm-none-eabi/10.3.1/../../../../arm-none-eabi/lib/thumb/v7-m/nofp\libc_nano.a(lib_a-lock.o)
                0x000000000800af52                __retarget_lock_release_recursive
 *(.glue_7)
 .glue_7        0x000000000800af54        0x0 linker stubs
 *(.glue_7t)
 .glue_7t       0x000000000800af54        0x0 linker stubs
 *(.eh_frame)
 .eh_frame      0x000000000800af54        0x0 c:/st/stm32cubeide_1.8.0/stm32cubeide/plugins/com.st.stm32cube.ide.mcu.externaltools.gnu-tools-for-stm32.10.3-2021.10.win32_1.0.0.202111181127/tools/bin/../lib/gcc/arm-none-eabi/10.3.1/thumb/v7-m/nofp/crtbegin.o
 *(.init)
 .init          0x000000000800af54        0x4 c:/st/stm32cubeide_1.8.0/stm32cubeide/plugins/com.st.stm32cube.ide.mcu.externaltools.gnu-tools-for-stm32.10.3-2021.10.win32_1.0.0.202111181127/tools/bin/../lib/gcc/arm-none-eabi/10.3.1/thumb/v7-m/nofp/crti.o
                0x000000000800af54                _init
 .init          0x000000000800af58        0x8 c:/st/stm32cubeide_1.8.0/stm32cubeide/plugins/com.st.stm32cube.ide.mcu.externaltools.gnu-tools-for-stm32.10.3-2021.10.win32_1.0.0.202111181127/tools/bin/../lib/gcc/arm-none-eabi/10.3.1/thumb/v7-m/nofp/crtn.o
 *(.fini)
 .fini          0x000000000800af60        0x4 c:/st/stm32cubeide_1.8.0/stm32cubeide/plugins/com.st.stm32cube.ide.mcu.externaltools.gnu-tools-for-stm32.10.3-2021.10.win32_1.0.0.202111181127/tools/bin/../lib/gcc/arm-none-eabi/10.3.1/thumb/v7-m/nofp/crti.o
                0x000000000800af60                _fini
 .fini          0x000000000800af64        0x8 c:/st/stm32cubeide_1.8.0/stm32cubeide/plugins/com.st.stm32cube.ide.mcu.externaltools.gnu-tools-for-stm32.10.3-2021.10.win32_1.0.0.202111181127/tools/bin/../lib/gcc/arm-none-eabi/10.3.1/thumb/v7-m/nofp/crtn.o
                0x000000000800af6c                . = ALIGN (0x4)
                0x000000000800af6c                _etext = .

.vfp11_veneer   0x000000000800af6c        0x0
 .vfp11_veneer  0x000000000800af6c        0x0 linker stubs

.v4_bx          0x000000000800af6c        0x0
 .v4_bx         0x000000000800af6c        0x0 linker stubs

.iplt           0x000000000800af6c        0x0
 .iplt          0x000000000800af6c        0x0 c:/st/stm32cubeide_1.8.0/stm32cubeide/plugins/com.st.stm32cube.ide.mcu.externaltools.gnu-tools-for-stm32.10.3-2021.10.win32_1.0.0.202111181127/tools/bin/../lib/gcc/arm-none-eabi/10.3.1/thumb/v7-m/nofp/crtbegin.o

.rodata         0x000000000800af6c      0x2a8
                0x000000000800af6c                . = ALIGN (0x4)
 *(.rodata)
 .rodata        0x000000000800af6c       0x2d ./Core/Src/FirstTask.o
 *fill*         0x000000000800af99        0x3 
 .rodata        0x000000000800af9c       0x28 ./Core/Src/SoundTask.o
 .rodata        0x000000000800afc4       0xd0 ./Core/Src/main.o
 .rodata        0x000000000800b094       0x47 ./Core/Src/sd.o
 *fill*         0x000000000800b0db        0x1 
 .rodata        0x000000000800b0dc       0x12 ./FATFS/Target/user_diskio.o
 *fill*         0x000000000800b0ee        0x2 
 .rodata        0x000000000800b0f0       0x44 ./Middlewares/Third_Party/FatFs/src/ff.o
 .rodata        0x000000000800b134        0x5 ./Middlewares/Third_Party/FreeRTOS/Source/tasks.o
 *(.rodata*)
 *fill*         0x000000000800b139        0x3 
 .rodata.PLLMulTable
                0x000000000800b13c        0x9 ./Core/Src/system_stm32l1xx.o
                0x000000000800b13c                PLLMulTable
 *fill*         0x000000000800b145        0x3 
 .rodata.AHBPrescTable
                0x000000000800b148       0x10 ./Core/Src/system_stm32l1xx.o
                0x000000000800b148                AHBPrescTable
 .rodata.APBPrescTable
                0x000000000800b158        0x8 ./Core/Src/system_stm32l1xx.o
                0x000000000800b158                APBPrescTable
 .rodata.ExCvt  0x000000000800b160       0x80 ./Middlewares/Third_Party/FatFs/src/ff.o
 .rodata._svfprintf_r.str1.1
                0x000000000800b1e0       0x11 c:/st/stm32cubeide_1.8.0/stm32cubeide/plugins/com.st.stm32cube.ide.mcu.externaltools.gnu-tools-for-stm32.10.3-2021.10.win32_1.0.0.202111181127/tools/bin/../lib/gcc/arm-none-eabi/10.3.1/../../../../arm-none-eabi/lib/thumb/v7-m/nofp\libc_nano.a(lib_a-nano-svfprintf.o)
 .rodata._printf_i.str1.1
                0x000000000800b1f1       0x22 c:/st/stm32cubeide_1.8.0/stm32cubeide/plugins/com.st.stm32cube.ide.mcu.externaltools.gnu-tools-for-stm32.10.3-2021.10.win32_1.0.0.202111181127/tools/bin/../lib/gcc/arm-none-eabi/10.3.1/../../../../arm-none-eabi/lib/thumb/v7-m/nofp\libc_nano.a(lib_a-nano-vfprintf_i.o)
                0x000000000800b214                . = ALIGN (0x4)
 *fill*         0x000000000800b213        0x1 

.ARM.extab      0x000000000800b214        0x0
                0x000000000800b214                . = ALIGN (0x4)
 *(.ARM.extab* .gnu.linkonce.armextab.*)
                0x000000000800b214                . = ALIGN (0x4)

.ARM            0x000000000800b214        0x8
                0x000000000800b214                . = ALIGN (0x4)
                0x000000000800b214                __exidx_start = .
 *(.ARM.exidx*)
 .ARM.exidx     0x000000000800b214        0x8 c:/st/stm32cubeide_1.8.0/stm32cubeide/plugins/com.st.stm32cube.ide.mcu.externaltools.gnu-tools-for-stm32.10.3-2021.10.win32_1.0.0.202111181127/tools/bin/../lib/gcc/arm-none-eabi/10.3.1/thumb/v7-m/nofp\libgcc.a(_udivmoddi4.o)
                0x000000000800b21c                __exidx_end = .
                0x000000000800b21c                . = ALIGN (0x4)

.rel.dyn        0x000000000800b21c        0x0
 .rel.iplt      0x000000000800b21c        0x0 c:/st/stm32cubeide_1.8.0/stm32cubeide/plugins/com.st.stm32cube.ide.mcu.externaltools.gnu-tools-for-stm32.10.3-2021.10.win32_1.0.0.202111181127/tools/bin/../lib/gcc/arm-none-eabi/10.3.1/thumb/v7-m/nofp/crtbegin.o

.preinit_array  0x000000000800b21c        0x0
                0x000000000800b21c                . = ALIGN (0x4)
                0x000000000800b21c                PROVIDE (__preinit_array_start = .)
 *(.preinit_array*)
                0x000000000800b21c                PROVIDE (__preinit_array_end = .)
                0x000000000800b21c                . = ALIGN (0x4)

.init_array     0x000000000800b21c        0x4
                0x000000000800b21c                . = ALIGN (0x4)
                0x000000000800b21c                PROVIDE (__init_array_start = .)
 *(SORT_BY_NAME(.init_array.*))
 *(.init_array*)
 .init_array    0x000000000800b21c        0x4 c:/st/stm32cubeide_1.8.0/stm32cubeide/plugins/com.st.stm32cube.ide.mcu.externaltools.gnu-tools-for-stm32.10.3-2021.10.win32_1.0.0.202111181127/tools/bin/../lib/gcc/arm-none-eabi/10.3.1/thumb/v7-m/nofp/crtbegin.o
                0x000000000800b220                PROVIDE (__init_array_end = .)
                0x000000000800b220                . = ALIGN (0x4)

.fini_array     0x000000000800b220        0x4
                0x000000000800b220                . = ALIGN (0x4)
                [!provide]                        PROVIDE (__fini_array_start = .)
 *(SORT_BY_NAME(.fini_array.*))
 *(.fini_array*)
 .fini_array    0x000000000800b220        0x4 c:/st/stm32cubeide_1.8.0/stm32cubeide/plugins/com.st.stm32cube.ide.mcu.externaltools.gnu-tools-for-stm32.10.3-2021.10.win32_1.0.0.202111181127/tools/bin/../lib/gcc/arm-none-eabi/10.3.1/thumb/v7-m/nofp/crtbegin.o
                [!provide]                        PROVIDE (__fini_array_end = .)
                0x000000000800b224                . = ALIGN (0x4)
                0x000000000800b224                _sidata = LOADADDR (.data)

.data           0x0000000020000000      0x144 load address 0x000000000800b224
                0x0000000020000000                . = ALIGN (0x4)
                0x0000000020000000                _sdata = .
 *(.data)
 *(.data*)
 .data.Numbers  0x0000000020000000       0xb4 ./Core/Src/main.o
                0x0000000020000000                Numbers
 .data.USER_Path
                0x00000000200000b4        0x4 ./Core/Src/main.o
                0x00000000200000b4                USER_Path
 .data.SystemCoreClock
                0x00000000200000b8        0x4 ./Core/Src/system_stm32l1xx.o
                0x00000000200000b8                SystemCoreClock
 .data.uwTickPrio
                0x00000000200000bc        0x4 ./Drivers/STM32L1xx_HAL_Driver/Src/stm32l1xx_hal.o
                0x00000000200000bc                uwTickPrio
 .data.uwTickFreq
                0x00000000200000c0        0x4 ./Drivers/STM32L1xx_HAL_Driver/Src/stm32l1xx_hal.o
                0x00000000200000c0                uwTickFreq
 .data.Stat     0x00000000200000c4        0x1 ./FATFS/Target/user_diskio.o
 *fill*         0x00000000200000c5        0x3 
 .data.USER_Driver
                0x00000000200000c8       0x14 ./FATFS/Target/user_diskio.o
                0x00000000200000c8                USER_Driver
 .data.uxCriticalNesting
                0x00000000200000dc        0x4 ./Middlewares/Third_Party/FreeRTOS/Source/portable/GCC/ARM_CM3/port.o
 .data._impure_ptr
                0x00000000200000e0        0x4 c:/st/stm32cubeide_1.8.0/stm32cubeide/plugins/com.st.stm32cube.ide.mcu.externaltools.gnu-tools-for-stm32.10.3-2021.10.win32_1.0.0.202111181127/tools/bin/../lib/gcc/arm-none-eabi/10.3.1/../../../../arm-none-eabi/lib/thumb/v7-m/nofp\libc_nano.a(lib_a-impure.o)
                0x00000000200000e0                _impure_ptr
 .data.impure_data
                0x00000000200000e4       0x60 c:/st/stm32cubeide_1.8.0/stm32cubeide/plugins/com.st.stm32cube.ide.mcu.externaltools.gnu-tools-for-stm32.10.3-2021.10.win32_1.0.0.202111181127/tools/bin/../lib/gcc/arm-none-eabi/10.3.1/../../../../arm-none-eabi/lib/thumb/v7-m/nofp\libc_nano.a(lib_a-impure.o)
                0x0000000020000144                . = ALIGN (0x4)
                0x0000000020000144                _edata = .

.igot.plt       0x0000000020000144        0x0 load address 0x000000000800b368
 .igot.plt      0x0000000020000144        0x0 c:/st/stm32cubeide_1.8.0/stm32cubeide/plugins/com.st.stm32cube.ide.mcu.externaltools.gnu-tools-for-stm32.10.3-2021.10.win32_1.0.0.202111181127/tools/bin/../lib/gcc/arm-none-eabi/10.3.1/thumb/v7-m/nofp/crtbegin.o
                0x0000000020000144                . = ALIGN (0x4)

.bss            0x0000000020000144     0x430c load address 0x000000000800b368
                0x0000000020000144                _sbss = .
                0x0000000020000144                __bss_start__ = _sbss
 *(.bss)
 .bss           0x0000000020000144       0x1c c:/st/stm32cubeide_1.8.0/stm32cubeide/plugins/com.st.stm32cube.ide.mcu.externaltools.gnu-tools-for-stm32.10.3-2021.10.win32_1.0.0.202111181127/tools/bin/../lib/gcc/arm-none-eabi/10.3.1/thumb/v7-m/nofp/crtbegin.o
 *(.bss*)
 .bss.MyFormat  0x0000000020000160       0x10 ./Core/Src/SoundTask.o
                0x0000000020000160                MyFormat
 .bss.xIdleTaskTCBBuffer
                0x0000000020000170       0x54 ./Core/Src/freertos.o
 .bss.xIdleStack
                0x00000000200001c4      0x800 ./Core/Src/freertos.o
 .bss.hrtc      0x00000000200009c4       0x20 ./Core/Src/main.o
                0x00000000200009c4                hrtc
 .bss.hspi3     0x00000000200009e4       0x58 ./Core/Src/main.o
                0x00000000200009e4                hspi3
 .bss.htim2     0x0000000020000a3c       0x40 ./Core/Src/main.o
                0x0000000020000a3c                htim2
 .bss.huart1    0x0000000020000a7c       0x40 ./Core/Src/main.o
                0x0000000020000a7c                huart1
 .bss.huart2    0x0000000020000abc       0x40 ./Core/Src/main.o
                0x0000000020000abc                huart2
 .bss.TimeArray
                0x0000000020000afc       0x15 ./Core/Src/main.o
                0x0000000020000afc                TimeArray
 *fill*         0x0000000020000b11        0x3 
 .bss.Param     0x0000000020000b14       0x14 ./Core/Src/main.o
                0x0000000020000b14                Param
 .bss.Timer1    0x0000000020000b28        0x2 ./Core/Src/main.o
                0x0000000020000b28                Timer1
 *fill*         0x0000000020000b2a        0x2 
 .bss.xHandle_1
                0x0000000020000b2c        0x4 ./Core/Src/main.o
                0x0000000020000b2c                xHandle_1
 .bss.xHandle_Sound
                0x0000000020000b30        0x4 ./Core/Src/main.o
                0x0000000020000b30                xHandle_Sound
 .bss.sTime     0x0000000020000b34       0x14 ./Core/Src/main.o
                0x0000000020000b34                sTime
 .bss.sAlarmTime
                0x0000000020000b48       0x14 ./Core/Src/main.o
                0x0000000020000b48                sAlarmTime
 .bss.sDate     0x0000000020000b5c        0x4 ./Core/Src/main.o
                0x0000000020000b5c                sDate
 .bss.sAlarmDate
                0x0000000020000b60        0x4 ./Core/Src/main.o
                0x0000000020000b60                sAlarmDate
 .bss.sAlarm    0x0000000020000b64       0x28 ./Core/Src/main.o
                0x0000000020000b64                sAlarm
 .bss.SDFatFs   0x0000000020000b8c      0x234 ./Core/Src/main.o
                0x0000000020000b8c                SDFatFs
 .bss.MyFile    0x0000000020000dc0      0x230 ./Core/Src/main.o
                0x0000000020000dc0                MyFile
 .bss.DAC_Buff  0x0000000020000ff0      0x200 ./Core/Src/main.o
                0x0000000020000ff0                DAC_Buff
 .bss.sdinfo    0x00000000200011f0        0x1 ./Core/Src/sd.o
                0x00000000200011f0                sdinfo
 *fill*         0x00000000200011f1        0x3 
 .bss.str1      0x00000000200011f4       0x3c ./Core/Src/sd.o
                0x00000000200011f4                str1
 .bss.htim9     0x0000000020001230       0x40 ./Core/Src/stm32l1xx_hal_timebase_tim.o
                0x0000000020001230                htim9
 .bss.__sbrk_heap_end
                0x0000000020001270        0x4 ./Core/Src/sysmem.o
 .bss.uwTick    0x0000000020001274        0x4 ./Drivers/STM32L1xx_HAL_Driver/Src/stm32l1xx_hal.o
                0x0000000020001274                uwTick
 .bss.retUSER   0x0000000020001278        0x1 ./FATFS/App/fatfs.o
                0x0000000020001278                retUSER
 *fill*         0x0000000020001279        0x3 
 .bss.USERPath  0x000000002000127c        0x4 ./FATFS/App/fatfs.o
                0x000000002000127c                USERPath
 .bss.FatFs     0x0000000020001280        0x4 ./Middlewares/Third_Party/FatFs/src/ff.o
 .bss.Fsid      0x0000000020001284        0x2 ./Middlewares/Third_Party/FatFs/src/ff.o
 *fill*         0x0000000020001286        0x2 
 .bss.Files     0x0000000020001288       0x20 ./Middlewares/Third_Party/FatFs/src/ff.o
 .bss.disk      0x00000000200012a8        0xc ./Middlewares/Third_Party/FatFs/src/ff_gen_drv.o
                0x00000000200012a8                disk
 .bss.xQueueRegistry
                0x00000000200012b4       0x40 ./Middlewares/Third_Party/FreeRTOS/Source/queue.o
                0x00000000200012b4                xQueueRegistry
 .bss.pxCurrentTCB
                0x00000000200012f4        0x4 ./Middlewares/Third_Party/FreeRTOS/Source/tasks.o
                0x00000000200012f4                pxCurrentTCB
 .bss.pxReadyTasksLists
                0x00000000200012f8       0x8c ./Middlewares/Third_Party/FreeRTOS/Source/tasks.o
 .bss.xDelayedTaskList1
                0x0000000020001384       0x14 ./Middlewares/Third_Party/FreeRTOS/Source/tasks.o
 .bss.xDelayedTaskList2
                0x0000000020001398       0x14 ./Middlewares/Third_Party/FreeRTOS/Source/tasks.o
 .bss.pxDelayedTaskList
                0x00000000200013ac        0x4 ./Middlewares/Third_Party/FreeRTOS/Source/tasks.o
 .bss.pxOverflowDelayedTaskList
                0x00000000200013b0        0x4 ./Middlewares/Third_Party/FreeRTOS/Source/tasks.o
 .bss.xPendingReadyList
                0x00000000200013b4       0x14 ./Middlewares/Third_Party/FreeRTOS/Source/tasks.o
 .bss.xTasksWaitingTermination
                0x00000000200013c8       0x14 ./Middlewares/Third_Party/FreeRTOS/Source/tasks.o
 .bss.uxDeletedTasksWaitingCleanUp
                0x00000000200013dc        0x4 ./Middlewares/Third_Party/FreeRTOS/Source/tasks.o
 .bss.xSuspendedTaskList
                0x00000000200013e0       0x14 ./Middlewares/Third_Party/FreeRTOS/Source/tasks.o
 .bss.uxCurrentNumberOfTasks
                0x00000000200013f4        0x4 ./Middlewares/Third_Party/FreeRTOS/Source/tasks.o
 .bss.xTickCount
                0x00000000200013f8        0x4 ./Middlewares/Third_Party/FreeRTOS/Source/tasks.o
 .bss.uxTopReadyPriority
                0x00000000200013fc        0x4 ./Middlewares/Third_Party/FreeRTOS/Source/tasks.o
 .bss.xSchedulerRunning
                0x0000000020001400        0x4 ./Middlewares/Third_Party/FreeRTOS/Source/tasks.o
 .bss.uxPendedTicks
                0x0000000020001404        0x4 ./Middlewares/Third_Party/FreeRTOS/Source/tasks.o
 .bss.xYieldPending
                0x0000000020001408        0x4 ./Middlewares/Third_Party/FreeRTOS/Source/tasks.o
 .bss.xNumOfOverflows
                0x000000002000140c        0x4 ./Middlewares/Third_Party/FreeRTOS/Source/tasks.o
 .bss.uxTaskNumber
                0x0000000020001410        0x4 ./Middlewares/Third_Party/FreeRTOS/Source/tasks.o
 .bss.xNextTaskUnblockTime
                0x0000000020001414        0x4 ./Middlewares/Third_Party/FreeRTOS/Source/tasks.o
 .bss.xIdleTaskHandle
                0x0000000020001418        0x4 ./Middlewares/Third_Party/FreeRTOS/Source/tasks.o
 .bss.uxSchedulerSuspended
                0x000000002000141c        0x4 ./Middlewares/Third_Party/FreeRTOS/Source/tasks.o
 .bss.ucMaxSysCallPriority
                0x0000000020001420        0x1 ./Middlewares/Third_Party/FreeRTOS/Source/portable/GCC/ARM_CM3/port.o
 *fill*         0x0000000020001421        0x3 
 .bss.ulMaxPRIGROUPValue
                0x0000000020001424        0x4 ./Middlewares/Third_Party/FreeRTOS/Source/portable/GCC/ARM_CM3/port.o
 .bss.ucHeap    0x0000000020001428     0x3000 ./Middlewares/Third_Party/FreeRTOS/Source/portable/MemMang/heap_4.o
 .bss.xStart    0x0000000020004428        0x8 ./Middlewares/Third_Party/FreeRTOS/Source/portable/MemMang/heap_4.o
 .bss.pxEnd     0x0000000020004430        0x4 ./Middlewares/Third_Party/FreeRTOS/Source/portable/MemMang/heap_4.o
 .bss.xFreeBytesRemaining
                0x0000000020004434        0x4 ./Middlewares/Third_Party/FreeRTOS/Source/portable/MemMang/heap_4.o
 .bss.xMinimumEverFreeBytesRemaining
                0x0000000020004438        0x4 ./Middlewares/Third_Party/FreeRTOS/Source/portable/MemMang/heap_4.o
 .bss.xBlockAllocatedBit
                0x000000002000443c        0x4 ./Middlewares/Third_Party/FreeRTOS/Source/portable/MemMang/heap_4.o
 .bss.__malloc_free_list
                0x0000000020004440        0x4 c:/st/stm32cubeide_1.8.0/stm32cubeide/plugins/com.st.stm32cube.ide.mcu.externaltools.gnu-tools-for-stm32.10.3-2021.10.win32_1.0.0.202111181127/tools/bin/../lib/gcc/arm-none-eabi/10.3.1/../../../../arm-none-eabi/lib/thumb/v7-m/nofp\libc_nano.a(lib_a-nano-mallocr.o)
                0x0000000020004440                __malloc_free_list
 .bss.__malloc_sbrk_start
                0x0000000020004444        0x4 c:/st/stm32cubeide_1.8.0/stm32cubeide/plugins/com.st.stm32cube.ide.mcu.externaltools.gnu-tools-for-stm32.10.3-2021.10.win32_1.0.0.202111181127/tools/bin/../lib/gcc/arm-none-eabi/10.3.1/../../../../arm-none-eabi/lib/thumb/v7-m/nofp\libc_nano.a(lib_a-nano-mallocr.o)
                0x0000000020004444                __malloc_sbrk_start
 .bss.errno     0x0000000020004448        0x4 c:/st/stm32cubeide_1.8.0/stm32cubeide/plugins/com.st.stm32cube.ide.mcu.externaltools.gnu-tools-for-stm32.10.3-2021.10.win32_1.0.0.202111181127/tools/bin/../lib/gcc/arm-none-eabi/10.3.1/../../../../arm-none-eabi/lib/thumb/v7-m/nofp\libc_nano.a(lib_a-reent.o)
                0x0000000020004448                errno
 .bss.__lock___malloc_recursive_mutex
                0x000000002000444c        0x1 c:/st/stm32cubeide_1.8.0/stm32cubeide/plugins/com.st.stm32cube.ide.mcu.externaltools.gnu-tools-for-stm32.10.3-2021.10.win32_1.0.0.202111181127/tools/bin/../lib/gcc/arm-none-eabi/10.3.1/../../../../arm-none-eabi/lib/thumb/v7-m/nofp\libc_nano.a(lib_a-lock.o)
                0x000000002000444c                __lock___malloc_recursive_mutex
 *(COMMON)
                0x0000000020004450                . = ALIGN (0x4)
 *fill*         0x000000002000444d        0x3 
                0x0000000020004450                _ebss = .
                0x0000000020004450                __bss_end__ = _ebss

._user_heap_stack
                0x0000000020004450      0x600 load address 0x000000000800b368
                0x0000000020004450                . = ALIGN (0x8)
                [!provide]                        PROVIDE (end = .)
                0x0000000020004450                PROVIDE (_end = .)
                0x0000000020004650                . = (. + _Min_Heap_Size)
 *fill*         0x0000000020004450      0x200 
                0x0000000020004a50                . = (. + _Min_Stack_Size)
 *fill*         0x0000000020004650      0x400 
                0x0000000020004a50                . = ALIGN (0x8)

/DISCARD/
 libc.a(*)
 libm.a(*)
 libgcc.a(*)

.ARM.attributes
                0x0000000000000000       0x29
 *(.ARM.attributes)
 .ARM.attributes
                0x0000000000000000       0x1d c:/st/stm32cubeide_1.8.0/stm32cubeide/plugins/com.st.stm32cube.ide.mcu.externaltools.gnu-tools-for-stm32.10.3-2021.10.win32_1.0.0.202111181127/tools/bin/../lib/gcc/arm-none-eabi/10.3.1/thumb/v7-m/nofp/crti.o
 .ARM.attributes
                0x000000000000001d       0x2d c:/st/stm32cubeide_1.8.0/stm32cubeide/plugins/com.st.stm32cube.ide.mcu.externaltools.gnu-tools-for-stm32.10.3-2021.10.win32_1.0.0.202111181127/tools/bin/../lib/gcc/arm-none-eabi/10.3.1/thumb/v7-m/nofp/crtbegin.o
 .ARM.attributes
                0x000000000000004a       0x2d ./Core/Src/FirstTask.o
 .ARM.attributes
                0x0000000000000077       0x2d ./Core/Src/SoundTask.o
 .ARM.attributes
                0x00000000000000a4       0x2d ./Core/Src/freertos.o
 .ARM.attributes
                0x00000000000000d1       0x2d ./Core/Src/main.o
 .ARM.attributes
                0x00000000000000fe       0x2d ./Core/Src/sd.o
 .ARM.attributes
                0x000000000000012b       0x2d ./Core/Src/stm32l1xx_hal_msp.o
 .ARM.attributes
                0x0000000000000158       0x2d ./Core/Src/stm32l1xx_hal_timebase_tim.o
 .ARM.attributes
                0x0000000000000185       0x2d ./Core/Src/stm32l1xx_it.o
 .ARM.attributes
                0x00000000000001b2       0x2d ./Core/Src/sysmem.o
 .ARM.attributes
                0x00000000000001df       0x2d ./Core/Src/system_stm32l1xx.o
 .ARM.attributes
                0x000000000000020c       0x21 ./Core/Startup/startup_stm32l152retx.o
 .ARM.attributes
                0x000000000000022d       0x2d ./Drivers/STM32L1xx_HAL_Driver/Src/stm32l1xx_hal.o
 .ARM.attributes
                0x000000000000025a       0x2d ./Drivers/STM32L1xx_HAL_Driver/Src/stm32l1xx_hal_cortex.o
 .ARM.attributes
                0x0000000000000287       0x2d ./Drivers/STM32L1xx_HAL_Driver/Src/stm32l1xx_hal_dma.o
 .ARM.attributes
                0x00000000000002b4       0x2d ./Drivers/STM32L1xx_HAL_Driver/Src/stm32l1xx_hal_gpio.o
 .ARM.attributes
                0x00000000000002e1       0x2d ./Drivers/STM32L1xx_HAL_Driver/Src/stm32l1xx_hal_rcc.o
 .ARM.attributes
                0x000000000000030e       0x2d ./Drivers/STM32L1xx_HAL_Driver/Src/stm32l1xx_hal_rcc_ex.o
 .ARM.attributes
                0x000000000000033b       0x2d ./Drivers/STM32L1xx_HAL_Driver/Src/stm32l1xx_hal_rtc.o
 .ARM.attributes
                0x0000000000000368       0x2d ./Drivers/STM32L1xx_HAL_Driver/Src/stm32l1xx_hal_rtc_ex.o
 .ARM.attributes
                0x0000000000000395       0x2d ./Drivers/STM32L1xx_HAL_Driver/Src/stm32l1xx_hal_spi.o
 .ARM.attributes
                0x00000000000003c2       0x2d ./Drivers/STM32L1xx_HAL_Driver/Src/stm32l1xx_hal_tim.o
 .ARM.attributes
                0x00000000000003ef       0x2d ./Drivers/STM32L1xx_HAL_Driver/Src/stm32l1xx_hal_tim_ex.o
 .ARM.attributes
                0x000000000000041c       0x2d ./Drivers/STM32L1xx_HAL_Driver/Src/stm32l1xx_hal_uart.o
 .ARM.attributes
                0x0000000000000449       0x2d ./FATFS/App/fatfs.o
 .ARM.attributes
                0x0000000000000476       0x2d ./FATFS/Target/user_diskio.o
 .ARM.attributes
                0x00000000000004a3       0x2d ./Middlewares/Third_Party/FatFs/src/diskio.o
 .ARM.attributes
                0x00000000000004d0       0x2d ./Middlewares/Third_Party/FatFs/src/ff.o
 .ARM.attributes
                0x00000000000004fd       0x2d ./Middlewares/Third_Party/FatFs/src/ff_gen_drv.o
 .ARM.attributes
                0x000000000000052a       0x2d ./Middlewares/Third_Party/FatFs/src/option/syscall.o
 .ARM.attributes
                0x0000000000000557       0x2d ./Middlewares/Third_Party/FreeRTOS/Source/CMSIS_RTOS/cmsis_os.o
 .ARM.attributes
                0x0000000000000584       0x2d ./Middlewares/Third_Party/FreeRTOS/Source/list.o
 .ARM.attributes
                0x00000000000005b1       0x2d ./Middlewares/Third_Party/FreeRTOS/Source/queue.o
 .ARM.attributes
                0x00000000000005de       0x2d ./Middlewares/Third_Party/FreeRTOS/Source/tasks.o
 .ARM.attributes
                0x000000000000060b       0x2d ./Middlewares/Third_Party/FreeRTOS/Source/portable/GCC/ARM_CM3/port.o
 .ARM.attributes
                0x0000000000000638       0x2d ./Middlewares/Third_Party/FreeRTOS/Source/portable/MemMang/heap_4.o
 .ARM.attributes
                0x0000000000000665       0x2d c:/st/stm32cubeide_1.8.0/stm32cubeide/plugins/com.st.stm32cube.ide.mcu.externaltools.gnu-tools-for-stm32.10.3-2021.10.win32_1.0.0.202111181127/tools/bin/../lib/gcc/arm-none-eabi/10.3.1/../../../../arm-none-eabi/lib/thumb/v7-m/nofp\libc_nano.a(lib_a-errno.o)
 .ARM.attributes
                0x0000000000000692       0x2d c:/st/stm32cubeide_1.8.0/stm32cubeide/plugins/com.st.stm32cube.ide.mcu.externaltools.gnu-tools-for-stm32.10.3-2021.10.win32_1.0.0.202111181127/tools/bin/../lib/gcc/arm-none-eabi/10.3.1/../../../../arm-none-eabi/lib/thumb/v7-m/nofp\libc_nano.a(lib_a-impure.o)
 .ARM.attributes
                0x00000000000006bf       0x2d c:/st/stm32cubeide_1.8.0/stm32cubeide/plugins/com.st.stm32cube.ide.mcu.externaltools.gnu-tools-for-stm32.10.3-2021.10.win32_1.0.0.202111181127/tools/bin/../lib/gcc/arm-none-eabi/10.3.1/../../../../arm-none-eabi/lib/thumb/v7-m/nofp\libc_nano.a(lib_a-init.o)
 .ARM.attributes
                0x00000000000006ec       0x2d c:/st/stm32cubeide_1.8.0/stm32cubeide/plugins/com.st.stm32cube.ide.mcu.externaltools.gnu-tools-for-stm32.10.3-2021.10.win32_1.0.0.202111181127/tools/bin/../lib/gcc/arm-none-eabi/10.3.1/../../../../arm-none-eabi/lib/thumb/v7-m/nofp\libc_nano.a(lib_a-memcpy-stub.o)
 .ARM.attributes
                0x0000000000000719       0x2d c:/st/stm32cubeide_1.8.0/stm32cubeide/plugins/com.st.stm32cube.ide.mcu.externaltools.gnu-tools-for-stm32.10.3-2021.10.win32_1.0.0.202111181127/tools/bin/../lib/gcc/arm-none-eabi/10.3.1/../../../../arm-none-eabi/lib/thumb/v7-m/nofp\libc_nano.a(lib_a-memset.o)
 .ARM.attributes
                0x0000000000000746       0x2d c:/st/stm32cubeide_1.8.0/stm32cubeide/plugins/com.st.stm32cube.ide.mcu.externaltools.gnu-tools-for-stm32.10.3-2021.10.win32_1.0.0.202111181127/tools/bin/../lib/gcc/arm-none-eabi/10.3.1/../../../../arm-none-eabi/lib/thumb/v7-m/nofp\libc_nano.a(lib_a-sprintf.o)
 .ARM.attributes
                0x0000000000000773       0x1b c:/st/stm32cubeide_1.8.0/stm32cubeide/plugins/com.st.stm32cube.ide.mcu.externaltools.gnu-tools-for-stm32.10.3-2021.10.win32_1.0.0.202111181127/tools/bin/../lib/gcc/arm-none-eabi/10.3.1/../../../../arm-none-eabi/lib/thumb/v7-m/nofp\libc_nano.a(lib_a-strcmp.o)
 .ARM.attributes
                0x000000000000078e       0x2d c:/st/stm32cubeide_1.8.0/stm32cubeide/plugins/com.st.stm32cube.ide.mcu.externaltools.gnu-tools-for-stm32.10.3-2021.10.win32_1.0.0.202111181127/tools/bin/../lib/gcc/arm-none-eabi/10.3.1/../../../../arm-none-eabi/lib/thumb/v7-m/nofp\libc_nano.a(lib_a-strcpy.o)
 .ARM.attributes
                0x00000000000007bb       0x17 c:/st/stm32cubeide_1.8.0/stm32cubeide/plugins/com.st.stm32cube.ide.mcu.externaltools.gnu-tools-for-stm32.10.3-2021.10.win32_1.0.0.202111181127/tools/bin/../lib/gcc/arm-none-eabi/10.3.1/../../../../arm-none-eabi/lib/thumb/v7-m/nofp\libc_nano.a(lib_a-strlen.o)
 .ARM.attributes
                0x00000000000007d2       0x2d c:/st/stm32cubeide_1.8.0/stm32cubeide/plugins/com.st.stm32cube.ide.mcu.externaltools.gnu-tools-for-stm32.10.3-2021.10.win32_1.0.0.202111181127/tools/bin/../lib/gcc/arm-none-eabi/10.3.1/../../../../arm-none-eabi/lib/thumb/v7-m/nofp\libc_nano.a(lib_a-nano-svfprintf.o)
 .ARM.attributes
                0x00000000000007ff       0x2d c:/st/stm32cubeide_1.8.0/stm32cubeide/plugins/com.st.stm32cube.ide.mcu.externaltools.gnu-tools-for-stm32.10.3-2021.10.win32_1.0.0.202111181127/tools/bin/../lib/gcc/arm-none-eabi/10.3.1/../../../../arm-none-eabi/lib/thumb/v7-m/nofp\libc_nano.a(lib_a-nano-vfprintf_i.o)
 .ARM.attributes
                0x000000000000082c       0x2d c:/st/stm32cubeide_1.8.0/stm32cubeide/plugins/com.st.stm32cube.ide.mcu.externaltools.gnu-tools-for-stm32.10.3-2021.10.win32_1.0.0.202111181127/tools/bin/../lib/gcc/arm-none-eabi/10.3.1/../../../../arm-none-eabi/lib/thumb/v7-m/nofp\libc_nano.a(lib_a-memchr-stub.o)
 .ARM.attributes
                0x0000000000000859       0x2d c:/st/stm32cubeide_1.8.0/stm32cubeide/plugins/com.st.stm32cube.ide.mcu.externaltools.gnu-tools-for-stm32.10.3-2021.10.win32_1.0.0.202111181127/tools/bin/../lib/gcc/arm-none-eabi/10.3.1/../../../../arm-none-eabi/lib/thumb/v7-m/nofp\libc_nano.a(lib_a-memmove.o)
 .ARM.attributes
                0x0000000000000886       0x2d c:/st/stm32cubeide_1.8.0/stm32cubeide/plugins/com.st.stm32cube.ide.mcu.externaltools.gnu-tools-for-stm32.10.3-2021.10.win32_1.0.0.202111181127/tools/bin/../lib/gcc/arm-none-eabi/10.3.1/../../../../arm-none-eabi/lib/thumb/v7-m/nofp\libc_nano.a(lib_a-nano-freer.o)
 .ARM.attributes
                0x00000000000008b3       0x2d c:/st/stm32cubeide_1.8.0/stm32cubeide/plugins/com.st.stm32cube.ide.mcu.externaltools.gnu-tools-for-stm32.10.3-2021.10.win32_1.0.0.202111181127/tools/bin/../lib/gcc/arm-none-eabi/10.3.1/../../../../arm-none-eabi/lib/thumb/v7-m/nofp\libc_nano.a(lib_a-nano-mallocr.o)
 .ARM.attributes
                0x00000000000008e0       0x2d c:/st/stm32cubeide_1.8.0/stm32cubeide/plugins/com.st.stm32cube.ide.mcu.externaltools.gnu-tools-for-stm32.10.3-2021.10.win32_1.0.0.202111181127/tools/bin/../lib/gcc/arm-none-eabi/10.3.1/../../../../arm-none-eabi/lib/thumb/v7-m/nofp\libc_nano.a(lib_a-nano-reallocr.o)
 .ARM.attributes
                0x000000000000090d       0x2d c:/st/stm32cubeide_1.8.0/stm32cubeide/plugins/com.st.stm32cube.ide.mcu.externaltools.gnu-tools-for-stm32.10.3-2021.10.win32_1.0.0.202111181127/tools/bin/../lib/gcc/arm-none-eabi/10.3.1/../../../../arm-none-eabi/lib/thumb/v7-m/nofp\libc_nano.a(lib_a-sbrkr.o)
 .ARM.attributes
                0x000000000000093a       0x2d c:/st/stm32cubeide_1.8.0/stm32cubeide/plugins/com.st.stm32cube.ide.mcu.externaltools.gnu-tools-for-stm32.10.3-2021.10.win32_1.0.0.202111181127/tools/bin/../lib/gcc/arm-none-eabi/10.3.1/../../../../arm-none-eabi/lib/thumb/v7-m/nofp\libc_nano.a(lib_a-mlock.o)
 .ARM.attributes
                0x0000000000000967       0x2d c:/st/stm32cubeide_1.8.0/stm32cubeide/plugins/com.st.stm32cube.ide.mcu.externaltools.gnu-tools-for-stm32.10.3-2021.10.win32_1.0.0.202111181127/tools/bin/../lib/gcc/arm-none-eabi/10.3.1/../../../../arm-none-eabi/lib/thumb/v7-m/nofp\libc_nano.a(lib_a-nano-msizer.o)
 .ARM.attributes
                0x0000000000000994       0x2d c:/st/stm32cubeide_1.8.0/stm32cubeide/plugins/com.st.stm32cube.ide.mcu.externaltools.gnu-tools-for-stm32.10.3-2021.10.win32_1.0.0.202111181127/tools/bin/../lib/gcc/arm-none-eabi/10.3.1/../../../../arm-none-eabi/lib/thumb/v7-m/nofp\libc_nano.a(lib_a-reent.o)
 .ARM.attributes
                0x00000000000009c1       0x2d c:/st/stm32cubeide_1.8.0/stm32cubeide/plugins/com.st.stm32cube.ide.mcu.externaltools.gnu-tools-for-stm32.10.3-2021.10.win32_1.0.0.202111181127/tools/bin/../lib/gcc/arm-none-eabi/10.3.1/../../../../arm-none-eabi/lib/thumb/v7-m/nofp\libc_nano.a(lib_a-lock.o)
 .ARM.attributes
                0x00000000000009ee       0x1d c:/st/stm32cubeide_1.8.0/stm32cubeide/plugins/com.st.stm32cube.ide.mcu.externaltools.gnu-tools-for-stm32.10.3-2021.10.win32_1.0.0.202111181127/tools/bin/../lib/gcc/arm-none-eabi/10.3.1/thumb/v7-m/nofp\libgcc.a(_aeabi_uldivmod.o)
 .ARM.attributes
                0x0000000000000a0b       0x2d c:/st/stm32cubeide_1.8.0/stm32cubeide/plugins/com.st.stm32cube.ide.mcu.externaltools.gnu-tools-for-stm32.10.3-2021.10.win32_1.0.0.202111181127/tools/bin/../lib/gcc/arm-none-eabi/10.3.1/thumb/v7-m/nofp\libgcc.a(_udivmoddi4.o)
 .ARM.attributes
                0x0000000000000a38       0x1d c:/st/stm32cubeide_1.8.0/stm32cubeide/plugins/com.st.stm32cube.ide.mcu.externaltools.gnu-tools-for-stm32.10.3-2021.10.win32_1.0.0.202111181127/tools/bin/../lib/gcc/arm-none-eabi/10.3.1/thumb/v7-m/nofp\libgcc.a(_dvmd_tls.o)
 .ARM.attributes
                0x0000000000000a55       0x1d c:/st/stm32cubeide_1.8.0/stm32cubeide/plugins/com.st.stm32cube.ide.mcu.externaltools.gnu-tools-for-stm32.10.3-2021.10.win32_1.0.0.202111181127/tools/bin/../lib/gcc/arm-none-eabi/10.3.1/thumb/v7-m/nofp/crtn.o
OUTPUT(Budilnik_FreeRTOS+RTC+USART_stm32l152re_project.elf elf32-littlearm)
LOAD linker stubs
LOAD c:/st/stm32cubeide_1.8.0/stm32cubeide/plugins/com.st.stm32cube.ide.mcu.externaltools.gnu-tools-for-stm32.10.3-2021.10.win32_1.0.0.202111181127/tools/bin/../lib/gcc/arm-none-eabi/10.3.1/../../../../arm-none-eabi/lib/thumb/v7-m/nofp\libc.a
LOAD c:/st/stm32cubeide_1.8.0/stm32cubeide/plugins/com.st.stm32cube.ide.mcu.externaltools.gnu-tools-for-stm32.10.3-2021.10.win32_1.0.0.202111181127/tools/bin/../lib/gcc/arm-none-eabi/10.3.1/../../../../arm-none-eabi/lib/thumb/v7-m/nofp\libm.a
LOAD c:/st/stm32cubeide_1.8.0/stm32cubeide/plugins/com.st.stm32cube.ide.mcu.externaltools.gnu-tools-for-stm32.10.3-2021.10.win32_1.0.0.202111181127/tools/bin/../lib/gcc/arm-none-eabi/10.3.1/thumb/v7-m/nofp\libgcc.a

.debug_info     0x0000000000000000    0x1c612