../Core/Src/main.c:123:5:main	24	static
../Core/Src/main.c:235:6:SystemClock_Config	96	static
../Core/Src/main.c:285:13:MX_RTC_Init	72	static
../Core/Src/main.c:365:13:MX_SPI3_Init	8	static
../Core/Src/main.c:403:13:MX_TIM2_Init	32	static
../Core/Src/main.c:448:13:MX_USART1_UART_Init	8	static
../Core/Src/main.c:481:13:MX_USART2_UART_Init	8	static
../Core/Src/main.c:514:13:MX_GPIO_Init	40	static
../Core/Src/main.c:546:10:wp_open	104	static
../Core/Src/main.c:592:6:wp_init	16	static
../Core/Src/main.c:625:6:wave_playback	24	static
../Core/Src/main.c:660:6:ParamToArray	40	static
../Core/Src/main.c:679:9:DecToBCD	16	static
../Core/Src/main.c:683:5:BCDToDec	16	static
../Core/Src/main.c:687:6:SetTime	32	static
../Core/Src/main.c:804:6:StartDefaultTask	16	static
../Core/Src/main.c:823:6:HAL_TIM_PeriodElapsedCallback	16	static
../Core/Src/main.c:840:6:Error_Handler	4	static
