../Core/Src/stm32l1xx_it.c:78:6:NMI_Handler	4	static
../Core/Src/stm32l1xx_it.c:91:6:HardFault_Handler	4	static
../Core/Src/stm32l1xx_it.c:106:6:MemManage_Handler	4	static
../Core/Src/stm32l1xx_it.c:121:6:BusFault_Handler	4	static
../Core/Src/stm32l1xx_it.c:136:6:UsageFault_Handler	4	static
../Core/Src/stm32l1xx_it.c:151:6:DebugMon_Handler	4	static
../Core/Src/stm32l1xx_it.c:171:6:TIM9_IRQHandler	8	static
../Core/Src/stm32l1xx_it.c:185:6:TIM2_IRQHandler	8	static
../Core/Src/stm32l1xx_it.c:199:6:EXTI15_10_IRQHandler	16	static,ignoring_inline_asm
../Core/Src/stm32l1xx_it.c:222:6:RTC_Alarm_IRQHandler	16	static,ignoring_inline_asm
../Core/Src/stm32l1xx_it.c:241:6:SPI3_IRQHandler	8	static
